Archive member included to satisfy reference by file (symbol)

/Applications/Simplicity Studio.app/Contents/Eclipse/developer/toolchains/gnu_arm/12.2.rel1_2023.7/bin/../lib/gcc/arm-none-eabi/12.2.1/thumb/v8-m.main+fp/hard/libgcc.a(_arm_muldf3.o)
                              CMakeFiles/slc_federated_learning_over_usart.dir/default_config/Users/maanders1/personal/git/federated_learning_project/fl_workspace/federated_learning_over_usart/app_iostream_usart.c.obj (__aeabi_dmul)
/Applications/Simplicity Studio.app/Contents/Eclipse/developer/toolchains/gnu_arm/12.2.rel1_2023.7/bin/../lib/gcc/arm-none-eabi/12.2.1/thumb/v8-m.main+fp/hard/libgcc.a(_arm_addsubdf3.o)
                              CMakeFiles/federated_learning_over_usart.dir/default_config/Users/maanders1/personal/git/federated_learning_project/fl_workspace/federated_learning_over_usart/app_fl.c.obj (__aeabi_dsub)
/Applications/Simplicity Studio.app/Contents/Eclipse/developer/toolchains/gnu_arm/12.2.rel1_2023.7/bin/../lib/gcc/arm-none-eabi/12.2.1/thumb/v8-m.main+fp/hard/libgcc.a(_arm_muldivdf3.o)
                              CMakeFiles/slc_federated_learning_over_usart.dir/default_config/Users/maanders1/personal/git/federated_learning_project/fl_workspace/federated_learning_over_usart/app_iostream_usart.c.obj (__aeabi_ddiv)
/Applications/Simplicity Studio.app/Contents/Eclipse/developer/toolchains/gnu_arm/12.2.rel1_2023.7/bin/../lib/gcc/arm-none-eabi/12.2.1/thumb/v8-m.main+fp/hard/libgcc.a(_arm_fixunsdfsi.o)
                              CMakeFiles/slc_federated_learning_over_usart.dir/default_config/Users/maanders1/personal/git/federated_learning_project/fl_workspace/federated_learning_over_usart/app_iostream_usart.c.obj (__aeabi_d2uiz)
/Applications/Simplicity Studio.app/Contents/Eclipse/developer/toolchains/gnu_arm/12.2.rel1_2023.7/bin/../lib/gcc/arm-none-eabi/12.2.1/thumb/v8-m.main+fp/hard/libgcc.a(_arm_truncdfsf2.o)
                              CMakeFiles/slc_federated_learning_over_usart.dir/default_config/Users/maanders1/personal/git/federated_learning_project/fl_workspace/federated_learning_over_usart/app_iostream_usart.c.obj (__aeabi_d2f)
/Applications/Simplicity Studio.app/Contents/Eclipse/developer/toolchains/gnu_arm/12.2.rel1_2023.7/bin/../lib/gcc/arm-none-eabi/12.2.1/thumb/v8-m.main+fp/hard/libgcc.a(_aeabi_ldivmod.o)
                              CMakeFiles/slc_federated_learning_over_usart.dir/default_config/Users/maanders1/personal/git/federated_learning_project/fl_workspace/federated_learning_over_usart/gecko_sdk_4.4.3/platform/emdrv/ustimer/src/ustimer.c.obj (__aeabi_ldivmod)
/Applications/Simplicity Studio.app/Contents/Eclipse/developer/toolchains/gnu_arm/12.2.rel1_2023.7/bin/../lib/gcc/arm-none-eabi/12.2.1/thumb/v8-m.main+fp/hard/libgcc.a(_aeabi_uldivmod.o)
                              CMakeFiles/slc_federated_learning_over_usart.dir/default_config/Users/maanders1/personal/git/federated_learning_project/fl_workspace/federated_learning_over_usart/gecko_sdk_4.4.3/platform/emdrv/ustimer/src/ustimer.c.obj (__aeabi_uldivmod)
/Applications/Simplicity Studio.app/Contents/Eclipse/developer/toolchains/gnu_arm/12.2.rel1_2023.7/bin/../lib/gcc/arm-none-eabi/12.2.1/thumb/v8-m.main+fp/hard/libgcc.a(_udivmoddi4.o)
                              /Applications/Simplicity Studio.app/Contents/Eclipse/developer/toolchains/gnu_arm/12.2.rel1_2023.7/bin/../lib/gcc/arm-none-eabi/12.2.1/thumb/v8-m.main+fp/hard/libgcc.a(_aeabi_ldivmod.o) (__udivmoddi4)
/Applications/Simplicity Studio.app/Contents/Eclipse/developer/toolchains/gnu_arm/12.2.rel1_2023.7/bin/../lib/gcc/arm-none-eabi/12.2.1/thumb/v8-m.main+fp/hard/libgcc.a(_dvmd_tls.o)
                              /Applications/Simplicity Studio.app/Contents/Eclipse/developer/toolchains/gnu_arm/12.2.rel1_2023.7/bin/../lib/gcc/arm-none-eabi/12.2.1/thumb/v8-m.main+fp/hard/libgcc.a(_aeabi_ldivmod.o) (__aeabi_ldiv0)
/Applications/Simplicity Studio.app/Contents/Eclipse/developer/toolchains/gnu_arm/12.2.rel1_2023.7/bin/../lib/gcc/arm-none-eabi/12.2.1/../../../../arm-none-eabi/lib/thumb/v8-m.main+fp/hard/libc_nano.a(libc_a-exit.o)
                              /Applications/Simplicity Studio.app/Contents/Eclipse/developer/toolchains/gnu_arm/12.2.rel1_2023.7/bin/../lib/gcc/arm-none-eabi/12.2.1/../../../../arm-none-eabi/lib/thumb/v8-m.main+fp/hard/crt0.o (exit)
/Applications/Simplicity Studio.app/Contents/Eclipse/developer/toolchains/gnu_arm/12.2.rel1_2023.7/bin/../lib/gcc/arm-none-eabi/12.2.1/../../../../arm-none-eabi/lib/thumb/v8-m.main+fp/hard/libc_nano.a(libc_a-realloc.o)
                              CMakeFiles/federated_learning_over_usart.dir/default_config/Users/maanders1/personal/git/federated_learning_project/fl_workspace/federated_learning_over_usart/uart_data_handlers.c.obj (realloc)
/Applications/Simplicity Studio.app/Contents/Eclipse/developer/toolchains/gnu_arm/12.2.rel1_2023.7/bin/../lib/gcc/arm-none-eabi/12.2.1/../../../../arm-none-eabi/lib/thumb/v8-m.main+fp/hard/libc_nano.a(libc_a-findfp.o)
[...]
Memory Configuration

Name             Origin             Length             Attributes
FLASH            0x0000000008000000 0x000000000017e000 xr
RAM              0x0000000020000000 0x0000000000040000 xrw
*default*        0x0000000000000000 0xffffffffffffffff

Linker script and memory map

LOAD /Applications/Simplicity Studio.app/Contents/Eclipse/developer/toolchains/gnu_arm/12.2.rel1_2023.7/bin/../lib/gcc/arm-none-eabi/12.2.1/thumb/v8-m.main+fp/hard/crti.o
LOAD /Applications/Simplicity Studio.app/Contents/Eclipse/developer/toolchains/gnu_arm/12.2.rel1_2023.7/bin/../lib/gcc/arm-none-eabi/12.2.1/thumb/v8-m.main+fp/hard/crtbegin.o
LOAD /Applications/Simplicity Studio.app/Contents/Eclipse/developer/toolchains/gnu_arm/12.2.rel1_2023.7/bin/../lib/gcc/arm-none-eabi/12.2.1/../../../../arm-none-eabi/lib/thumb/v8-m.main+fp/hard/crt0.o
LOAD CMakeFiles/slc_federated_learning_over_usart.dir/default_config/Users/maanders1/personal/git/federated_learning_project/fl_workspace/federated_learning_over_usart/gecko_sdk_4.4.3/hardware/board/src/sl_board_control_gpio.c.obj
LOAD CMakeFiles/slc_federated_learning_over_usart.dir/default_config/Users/maanders1/personal/git/federated_learning_project/fl_workspace/federated_learning_over_usart/gecko_sdk_4.4.3/hardware/board/src/sl_board_init.c.obj
LOAD CMakeFiles/slc_federated_learning_over_usart.dir/default_config/Users/maanders1/personal/git/federated_learning_project/fl_workspace/federated_learning_over_usart/gecko_sdk_4.4.3/hardware/driver/configuration_over_swo/src/sl_cos.c.obj
LOAD CMakeFiles/slc_federated_learning_over_usart.dir/default_config/Users/maanders1/personal/git/federated_learning_project/fl_workspace/federated_learning_over_usart/gecko_sdk_4.4.3/hardware/driver/mx25_flash_shutdown/src/sl_mx25_flash_shutdown_usart/sl_mx25_flash_shutdown.c.obj
LOAD CMakeFiles/slc_federated_learning_over_usart.dir/default_config/Users/maanders1/personal/git/federated_learning_project/fl_workspace/federated_learning_over_usart/gecko_sdk_4.4.3/platform/common/src/sl_assert.c.obj
LOAD CMakeFiles/slc_federated_learning_over_usart.dir/default_config/Users/maanders1/personal/git/federated_learning_project/fl_workspace/federated_learning_over_usart/gecko_sdk_4.4.3/platform/common/src/sl_string.c.obj
LOAD CMakeFiles/slc_federated_learning_over_usart.dir/default_config/Users/maanders1/personal/git/federated_learning_project/fl_workspace/federated_learning_over_usart/gecko_sdk_4.4.3/platform/common/src/sl_syscalls.c.obj
LOAD CMakeFiles/slc_federated_learning_over_usart.dir/default_config/Users/maanders1/personal/git/federated_learning_project/fl_workspace/federated_learning_over_usart/gecko_sdk_4.4.3/platform/common/toolchain/src/sl_memory.c.obj
LOAD CMakeFiles/slc_federated_learning_over_usart.dir/default_config/Users/maanders1/personal/git/federated_learning_project/fl_workspace/federated_learning_over_usart/gecko_sdk_4.4.3/platform/Device/SiliconLabs/EFR32MG24/Source/startup_efr32mg24.c.obj
LOAD CMakeFiles/slc_federated_learning_over_usart.dir/default_config/Users/maanders1/personal/git/federated_learning_project/fl_workspace/federated_learning_over_usart/gecko_sdk_4.4.3/platform/Device/SiliconLabs/EFR32MG24/Source/system_efr32mg24.c.obj
LOAD CMakeFiles/slc_federated_learning_over_usart.dir/default_config/Users/maanders1/personal/git/federated_learning_project/fl_workspace/federated_learning_over_usart/gecko_sdk_4.4.3/platform/driver/debug/src/sl_debug_swo.c.obj
LOAD CMakeFiles/slc_federated_learning_over_usart.dir/default_config/Users/maanders1/personal/git/federated_learning_project/fl_workspace/federated_learning_over_usart/gecko_sdk_4.4.3/platform/emdrv/dmadrv/src/dmadrv.c.obj
LOAD CMakeFiles/slc_federated_learning_over_usart.dir/default_config/Users/maanders1/personal/git/federated_learning_project/fl_workspace/federated_learning_over_usart/gecko_sdk_4.4.3/platform/emdrv/ustimer/src/ustimer.c.obj
LOAD CMakeFiles/slc_federated_learning_over_usart.dir/default_config/Users/maanders1/personal/git/federated_learning_project/fl_workspace/federated_learning_over_usart/gecko_sdk_4.4.3/platform/emlib/src/em_burtc.c.obj
LOAD CMakeFiles/slc_federated_learning_over_usart.dir/default_config/Users/maanders1/personal/git/federated_learning_project/fl_workspace/federated_learning_over_usart/gecko_sdk_4.4.3/platform/emlib/src/em_cmu.c.obj
LOAD CMakeFiles/slc_federated_learning_over_usart.dir/default_config/Users/maanders1/personal/git/federated_learning_project/fl_workspace/federated_learning_over_usart/gecko_sdk_4.4.3/platform/emlib/src/em_core.c.obj
LOAD CMakeFiles/slc_federated_learning_over_usart.dir/default_config/Users/maanders1/personal/git/federated_learning_project/fl_workspace/federated_learning_over_usart/gecko_sdk_4.4.3/platform/emlib/src/em_emu.c.obj
LOAD CMakeFiles/slc_federated_learning_over_usart.dir/default_config/Users/maanders1/personal/git/federated_learning_project/fl_workspace/federated_learning_over_usart/gecko_sdk_4.4.3/platform/emlib/src/em_gpio.c.obj
LOAD CMakeFiles/slc_federated_learning_over_usart.dir/default_config/Users/maanders1/personal/git/federated_learning_project/fl_workspace/federated_learning_over_usart/gecko_sdk_4.4.3/platform/emlib/src/em_ldma.c.obj
LOAD CMakeFiles/slc_federated_learning_over_usart.dir/default_config/Users/maanders1/personal/git/federated_learning_project/fl_workspace/federated_learning_over_usart/gecko_sdk_4.4.3/platform/emlib/src/em_msc.c.obj
LOAD CMakeFiles/slc_federated_learning_over_usart.dir/default_config/Users/maanders1/personal/git/federated_learning_project/fl_workspace/federated_learning_over_usart/gecko_sdk_4.4.3/platform/emlib/src/em_prs.c.obj
LOAD CMakeFiles/slc_federated_learning_over_usart.dir/default_config/Users/maanders1/personal/git/federated_learning_project/fl_workspace/federated_learning_over_usart/gecko_sdk_4.4.3/platform/emlib/src/em_system.c.obj
LOAD CMakeFiles/slc_federated_learning_over_usart.dir/default_config/Users/maanders1/personal/git/federated_learning_project/fl_workspace/federated_learning_over_usart/gecko_sdk_4.4.3/platform/emlib/src/em_timer.c.obj
LOAD CMakeFiles/slc_federated_learning_over_usart.dir/default_config/Users/maanders1/personal/git/federated_learning_project/fl_workspace/federated_learning_over_usart/gecko_sdk_4.4.3/platform/emlib/src/em_usart.c.obj
LOAD CMakeFiles/slc_federated_learning_over_usart.dir/default_config/Users/maanders1/personal/git/federated_learning_project/fl_workspace/federated_learning_over_usart/gecko_sdk_4.4.3/platform/peripheral/src/peripheral_sysrtc.c.obj
LOAD CMakeFiles/slc_federated_learning_over_usart.dir/default_config/Users/maanders1/personal/git/federated_learning_project/fl_workspace/federated_learning_over_usart/gecko_sdk_4.4.3/platform/service/device_init/src/sl_device_init_dcdc_s2.c.obj
LOAD CMakeFiles/slc_federated_learning_over_usart.dir/default_config/Users/maanders1/personal/git/federated_learning_project/fl_workspace/federated_learning_over_usart/gecko_sdk_4.4.3/platform/service/device_init/src/sl_device_init_emu_s2.c.obj
LOAD CMakeFiles/slc_federated_learning_over_usart.dir/default_config/Users/maanders1/personal/git/federated_learning_project/fl_workspace/federated_learning_over_usart/gecko_sdk_4.4.3/platform/service/device_init/src/sl_device_init_hfxo_s2.c.obj
LOAD CMakeFiles/slc_federated_learning_over_usart.dir/default_config/Users/maanders1/personal/git/federated_learning_project/fl_workspace/federated_learning_over_usart/gecko_sdk_4.4.3/platform/service/device_init/src/sl_device_init_lfxo_s2.c.obj
LOAD CMakeFiles/slc_federated_learning_over_usart.dir/default_config/Users/maanders1/personal/git/federated_learning_project/fl_workspace/federated_learning_over_usart/gecko_sdk_4.4.3/platform/service/device_init/src/sl_device_init_nvic.c.obj
LOAD CMakeFiles/slc_federated_learning_over_usart.dir/default_config/Users/maanders1/personal/git/federated_learning_project/fl_workspace/federated_learning_over_usart/gecko_sdk_4.4.3/platform/service/iostream/src/sl_iostream.c.obj
LOAD CMakeFiles/slc_federated_learning_over_usart.dir/default_config/Users/maanders1/personal/git/federated_learning_project/fl_workspace/federated_learning_over_usart/gecko_sdk_4.4.3/platform/service/iostream/src/sl_iostream_uart.c.obj
LOAD CMakeFiles/slc_federated_learning_over_usart.dir/default_config/Users/maanders1/personal/git/federated_learning_project/fl_workspace/federated_learning_over_usart/gecko_sdk_4.4.3/platform/service/iostream/src/sl_iostream_usart.c.obj
LOAD CMakeFiles/slc_federated_learning_over_usart.dir/default_config/Users/maanders1/personal/git/federated_learning_project/fl_workspace/federated_learning_over_usart/gecko_sdk_4.4.3/platform/service/sleeptimer/src/sl_sleeptimer.c.obj
LOAD CMakeFiles/slc_federated_learning_over_usart.dir/default_config/Users/maanders1/personal/git/federated_learning_project/fl_workspace/federated_learning_over_usart/gecko_sdk_4.4.3/platform/service/sleeptimer/src/sl_sleeptimer_hal_burtc.c.obj
LOAD CMakeFiles/slc_federated_learning_over_usart.dir/default_config/Users/maanders1/personal/git/federated_learning_project/fl_workspace/federated_learning_over_usart/gecko_sdk_4.4.3/platform/service/sleeptimer/src/sl_sleeptimer_hal_sysrtc.c.obj
LOAD CMakeFiles/slc_federated_learning_over_usart.dir/default_config/Users/maanders1/personal/git/federated_learning_project/fl_workspace/federated_learning_over_usart/gecko_sdk_4.4.3/platform/service/sleeptimer/src/sl_sleeptimer_hal_timer.c.obj
LOAD CMakeFiles/slc_federated_learning_over_usart.dir/default_config/Users/maanders1/personal/git/federated_learning_project/fl_workspace/federated_learning_over_usart/gecko_sdk_4.4.3/platform/service/system/src/sl_system_init.c.obj
LOAD CMakeFiles/slc_federated_learning_over_usart.dir/default_config/Users/maanders1/personal/git/federated_learning_project/fl_workspace/federated_learning_over_usart/gecko_sdk_4.4.3/platform/service/system/src/sl_system_process_action.c.obj
LOAD CMakeFiles/slc_federated_learning_over_usart.dir/default_config/Users/maanders1/personal/git/federated_learning_project/fl_workspace/federated_learning_over_usart/gecko_sdk_4.4.3/platform/service/udelay/src/sl_udelay.c.obj
LOAD CMakeFiles/slc_federated_learning_over_usart.dir/default_config/Users/maanders1/personal/git/federated_learning_project/fl_workspace/federated_learning_over_usart/gecko_sdk_4.4.3/platform/service/udelay/src/sl_udelay_armv6m_gcc.S.obj
LOAD CMakeFiles/slc_federated_learning_over_usart.dir/default_config/Users/maanders1/personal/git/federated_learning_project/fl_workspace/federated_learning_over_usart/app.c.obj
LOAD CMakeFiles/slc_federated_learning_over_usart.dir/default_config/Users/maanders1/personal/git/federated_learning_project/fl_workspace/federated_learning_over_usart/app_iostream_usart.c.obj
LOAD CMakeFiles/slc_federated_learning_over_usart.dir/default_config/Users/maanders1/personal/git/federated_learning_project/fl_workspace/federated_learning_over_usart/autogen/sl_board_default_init.c.obj
LOAD CMakeFiles/slc_federated_learning_over_usart.dir/default_config/Users/maanders1/personal/git/federated_learning_project/fl_workspace/federated_learning_over_usart/autogen/sl_device_init_clocks.c.obj
LOAD CMakeFiles/slc_federated_learning_over_usart.dir/default_config/Users/maanders1/personal/git/federated_learning_project/fl_workspace/federated_learning_over_usart/autogen/sl_event_handler.c.obj
LOAD CMakeFiles/slc_federated_learning_over_usart.dir/default_config/Users/maanders1/personal/git/federated_learning_project/fl_workspace/federated_learning_over_usart/autogen/sl_iostream_handles.c.obj
LOAD CMakeFiles/slc_federated_learning_over_usart.dir/default_config/Users/maanders1/personal/git/federated_learning_project/fl_workspace/federated_learning_over_usart/autogen/sl_iostream_init_usart_instances.c.obj
LOAD CMakeFiles/slc_federated_learning_over_usart.dir/default_config/Users/maanders1/personal/git/federated_learning_project/fl_workspace/federated_learning_over_usart/main.c.obj
LOAD CMakeFiles/federated_learning_over_usart.dir/default_config/Users/maanders1/personal/git/federated_learning_project/fl_workspace/federated_learning_over_usart/app_fl.c.obj
LOAD CMakeFiles/federated_learning_over_usart.dir/default_config/Users/maanders1/personal/git/federated_learning_project/fl_workspace/federated_learning_over_usart/uart_data_handlers.c.obj
START GROUP
LOAD /Applications/Simplicity Studio.app/Contents/Eclipse/developer/toolchains/gnu_arm/12.2.rel1_2023.7/bin/../lib/gcc/arm-none-eabi/12.2.1/thumb/v8-m.main+fp/hard/libgcc.a
LOAD /Applications/Simplicity Studio.app/Contents/Eclipse/developer/toolchains/gnu_arm/12.2.rel1_2023.7/bin/../lib/gcc/arm-none-eabi/12.2.1/../../../../arm-none-eabi/lib/thumb/v8-m.main+fp/hard/libc_nano.a
LOAD /Applications/Simplicity Studio.app/Contents/Eclipse/developer/toolchains/gnu_arm/12.2.rel1_2023.7/bin/../lib/gcc/arm-none-eabi/12.2.1/../../../../arm-none-eabi/lib/thumb/v8-m.main+fp/hard/libm.a
LOAD /Applications/Simplicity Studio.app/Contents/Eclipse/developer/toolchains/gnu_arm/12.2.rel1_2023.7/bin/../lib/gcc/arm-none-eabi/12.2.1/../../../../arm-none-eabi/lib/thumb/v8-m.main+fp/hard/libnosys.a
END GROUP
START GROUP
LOAD /Applications/Simplicity Studio.app/Contents/Eclipse/developer/toolchains/gnu_arm/12.2.rel1_2023.7/bin/../lib/gcc/arm-none-eabi/12.2.1/thumb/v8-m.main+fp/hard/libgcc.a
LOAD /Applications/Simplicity Studio.app/Contents/Eclipse/developer/toolchains/gnu_arm/12.2.rel1_2023.7/bin/../lib/gcc/arm-none-eabi/12.2.1/../../../../arm-none-eabi/lib/thumb/v8-m.main+fp/hard/libc_nano.a
END GROUP
START GROUP
LOAD /Applications/Simplicity Studio.app/Contents/Eclipse/developer/toolchains/gnu_arm/12.2.rel1_2023.7/bin/../lib/gcc/arm-none-eabi/12.2.1/thumb/v8-m.main+fp/hard/libgcc.a
LOAD /Applications/Simplicity Studio.app/Contents/Eclipse/developer/toolchains/gnu_arm/12.2.rel1_2023.7/bin/../lib/gcc/arm-none-eabi/12.2.1/../../../../arm-none-eabi/lib/thumb/v8-m.main+fp/hard/libc_nano.a
END GROUP
LOAD /Applications/Simplicity Studio.app/Contents/Eclipse/developer/toolchains/gnu_arm/12.2.rel1_2023.7/bin/../lib/gcc/arm-none-eabi/12.2.1/thumb/v8-m.main+fp/hard/crtend.o
LOAD /Applications/Simplicity Studio.app/Contents/Eclipse/developer/toolchains/gnu_arm/12.2.rel1_2023.7/bin/../lib/gcc/arm-none-eabi/12.2.1/thumb/v8-m.main+fp/hard/crtn.o

.text           0x0000000008000000     0x58e0
                0x0000000008000000                linker_vectors_begin = .
 *(.vectors)
 .vectors       0x0000000008000000      0x170 CMakeFiles/slc_federated_learning_over_usart.dir/default_config/Users/maanders1/personal/git/federated_learning_project/fl_workspace/federated_learning_over_usart/gecko_sdk_4.4.3/platform/Device/SiliconLabs/EFR32MG24/Source/startup_efr32mg24.c.obj
                0x0000000008000000                __Vectors
                0x0000000008000170                linker_vectors_end = .
                0x0000000008000170                __Vectors_End = .
                0x0000000008000170                __Vectors_Size = (__Vectors_End - __Vectors)
                0x0000000008000170                linker_code_begin = .
 *(SORT_BY_ALIGNMENT(.text*))
 .text          0x0000000008000170        0x8 CMakeFiles/slc_federated_learning_over_usart.dir/default_config/Users/maanders1/personal/git/federated_learning_project/fl_workspace/federated_learning_over_usart/gecko_sdk_4.4.3/platform/service/udelay/src/sl_udelay_armv6m_gcc.S.obj
                0x0000000008000170                sli_delay_loop
 .text.gradient_descent
                0x0000000008000178       0xdc CMakeFiles/federated_learning_over_usart.dir/default_config/Users/maanders1/personal/git/federated_learning_project/fl_workspace/federated_learning_over_usart/app_fl.c.obj
                0x0000000008000178                gradient_descent
 .text.deregister_tm_clones
                0x0000000008000254       0x1c /Applications/Simplicity Studio.app/Contents/Eclipse/developer/toolchains/gnu_arm/12.2.rel1_2023.7/bin/../lib/gcc/arm-none-eabi/12.2.1/thumb/v8-m.main+fp/hard/crtbegin.o
 .text.register_tm_clones
                0x0000000008000270       0x28 /Applications/Simplicity Studio.app/Contents/Eclipse/developer/toolchains/gnu_arm/12.2.rel1_2023.7/bin/../lib/gcc/arm-none-eabi/12.2.1/thumb/v8-m.main+fp/hard/crtbegin.o
 .text.__do_global_dtors_aux
                0x0000000008000298       0x28 /Applications/Simplicity Studio.app/Contents/Eclipse/developer/toolchains/gnu_arm/12.2.rel1_2023.7/bin/../lib/gcc/arm-none-eabi/12.2.1/thumb/v8-m.main+fp/hard/crtbegin.o
 .text.frame_dummy
                0x00000000080002c0       0x24 /Applications/Simplicity Studio.app/Contents/Eclipse/developer/toolchains/gnu_arm/12.2.rel1_2023.7/bin/../lib/gcc/arm-none-eabi/12.2.1/thumb/v8-m.main+fp/hard/crtbegin.o
 .text          0x00000000080002e4       0x7c /Applications/Simplicity Studio.app/Contents/Eclipse/developer/toolchains/gnu_arm/12.2.rel1_2023.7/bin/../lib/gcc/arm-none-eabi/12.2.1/../../../../arm-none-eabi/lib/thumb/v8-m.main+fp/hard/crt0.o
                0x00000000080002e4                _stack_init
                0x00000000080002ec                _mainCRTStartup
                0x00000000080002ec                _start
 .text.cs_high  0x0000000008000360       0x10 CMakeFiles/slc_federated_learning_over_usart.dir/default_config/Users/maanders1/personal/git/federated_learning_project/fl_workspace/federated_learning_over_usart/gecko_sdk_4.4.3/hardware/driver/mx25_flash_shutdown/src/sl_mx25_flash_shutdown_usart/sl_mx25_flash_shutdown.c.obj
 .text.cs_low   0x0000000008000370       0x10 CMakeFiles/slc_federated_learning_over_usart.dir/default_config/Users/maanders1/personal/git/federated_learning_project/fl_workspace/federated_learning_over_usart/gecko_sdk_4.4.3/hardware/driver/mx25_flash_shutdown/src/sl_mx25_flash_shutdown_usart/sl_mx25_flash_shutdown.c.obj
 .text.sl_mx25_flash_shutdown
                0x0000000008000380      0x118 CMakeFiles/slc_federated_learning_over_usart.dir/default_config/Users/maanders1/personal/git/federated_learning_project/fl_workspace/federated_learning_over_usart/gecko_sdk_4.4.3/hardware/driver/mx25_flash_shutdown/src/sl_mx25_flash_shutdown_usart/sl_mx25_flash_shutdown.c.obj
                0x0000000008000380                sl_mx25_flash_shutdown
 .text._sbrk    0x0000000008000498       0x20 CMakeFiles/slc_federated_learning_over_usart.dir/default_config/Users/maanders1/personal/git/federated_learning_project/fl_workspace/federated_learning_over_usart/gecko_sdk_4.4.3/platform/common/toolchain/src/sl_memory.c.obj
                0x0000000008000498                _sbrk
 .text.CopyRamFuncs
                0x00000000080004b8       0x1c CMakeFiles/slc_federated_learning_over_usart.dir/default_config/Users/maanders1/personal/git/federated_learning_project/fl_workspace/federated_learning_over_usart/gecko_sdk_4.4.3/platform/Device/SiliconLabs/EFR32MG24/Source/startup_efr32mg24.c.obj
                0x00000000080004b8                CopyRamFuncs
 .text.Reset_Handler
                0x00000000080004d4       0x64 CMakeFiles/slc_federated_learning_over_usart.dir/default_config/Users/maanders1/personal/git/federated_learning_project/fl_workspace/federated_learning_over_usart/gecko_sdk_4.4.3/platform/Device/SiliconLabs/EFR32MG24/Source/startup_efr32mg24.c.obj
                0x00000000080004d4                Reset_Handler
 .text.SystemInit
                0x0000000008000538       0x68 CMakeFiles/slc_federated_learning_over_usart.dir/default_config/Users/maanders1/personal/git/federated_learning_project/fl_workspace/federated_learning_over_usart/gecko_sdk_4.4.3/platform/Device/SiliconLabs/EFR32MG24/Source/system_efr32mg24.c.obj
                0x0000000008000538                SystemInit
 .text.SystemHFRCODPLLClockGet
                0x00000000080005a0        0xc CMakeFiles/slc_federated_learning_over_usart.dir/default_config/Users/maanders1/personal/git/federated_learning_project/fl_workspace/federated_learning_over_usart/gecko_sdk_4.4.3/platform/Device/SiliconLabs/EFR32MG24/Source/system_efr32mg24.c.obj
                0x00000000080005a0                SystemHFRCODPLLClockGet
 .text.SystemSYSCLKGet
                0x00000000080005ac       0x34 CMakeFiles/slc_federated_learning_over_usart.dir/default_config/Users/maanders1/personal/git/federated_learning_project/fl_workspace/federated_learning_over_usart/gecko_sdk_4.4.3/platform/Device/SiliconLabs/EFR32MG24/Source/system_efr32mg24.c.obj
                0x00000000080005ac                SystemSYSCLKGet
 .text.SystemHCLKGet
                0x00000000080005e0       0x24 CMakeFiles/slc_federated_learning_over_usart.dir/default_config/Users/maanders1/personal/git/federated_learning_project/fl_workspace/federated_learning_over_usart/gecko_sdk_4.4.3/platform/Device/SiliconLabs/EFR32MG24/Source/system_efr32mg24.c.obj
                0x00000000080005e0                SystemHCLKGet
 .text.SystemMaxCoreClockGet
                0x0000000008000604        0x8 CMakeFiles/slc_federated_learning_over_usart.dir/default_config/Users/maanders1/personal/git/federated_learning_project/fl_workspace/federated_learning_over_usart/gecko_sdk_4.4.3/platform/Device/SiliconLabs/EFR32MG24/Source/system_efr32mg24.c.obj
                0x0000000008000604                SystemMaxCoreClockGet
 .text.SystemHFXOClockGet
                0x000000000800060c        0xc CMakeFiles/slc_federated_learning_over_usart.dir/default_config/Users/maanders1/personal/git/federated_learning_project/fl_workspace/federated_learning_over_usart/gecko_sdk_4.4.3/platform/Device/SiliconLabs/EFR32MG24/Source/system_efr32mg24.c.obj
                0x000000000800060c                SystemHFXOClockGet
 .text.SystemHFXOClockSet
                0x0000000008000618       0x20 CMakeFiles/slc_federated_learning_over_usart.dir/default_config/Users/maanders1/personal/git/federated_learning_project/fl_workspace/federated_learning_over_usart/gecko_sdk_4.4.3/platform/Device/SiliconLabs/EFR32MG24/Source/system_efr32mg24.c.obj
                0x0000000008000618                SystemHFXOClockSet
 .text.SystemFSRCOClockGet
                0x0000000008000638        0x8 CMakeFiles/slc_federated_learning_over_usart.dir/default_config/Users/maanders1/personal/git/federated_learning_project/fl_workspace/federated_learning_over_usart/gecko_sdk_4.4.3/platform/Device/SiliconLabs/EFR32MG24/Source/system_efr32mg24.c.obj
                0x0000000008000638                SystemFSRCOClockGet
 .text.SystemHFRCOEM23ClockGet
                0x0000000008000640       0x84 CMakeFiles/slc_federated_learning_over_usart.dir/default_config/Users/maanders1/personal/git/federated_learning_project/fl_workspace/federated_learning_over_usart/gecko_sdk_4.4.3/platform/Device/SiliconLabs/EFR32MG24/Source/system_efr32mg24.c.obj
                0x0000000008000640                SystemHFRCOEM23ClockGet
 .text.SystemLFXOClockGet
                0x00000000080006c4        0xc CMakeFiles/slc_federated_learning_over_usart.dir/default_config/Users/maanders1/personal/git/federated_learning_project/fl_workspace/federated_learning_over_usart/gecko_sdk_4.4.3/platform/Device/SiliconLabs/EFR32MG24/Source/system_efr32mg24.c.obj
                0x00000000080006c4                SystemLFXOClockGet
 .text.sl_debug_swo_init
                0x00000000080006d0      0x114 CMakeFiles/slc_federated_learning_over_usart.dir/default_config/Users/maanders1/personal/git/federated_learning_project/fl_workspace/federated_learning_over_usart/gecko_sdk_4.4.3/platform/driver/debug/src/sl_debug_swo.c.obj
                0x00000000080006d0                sl_debug_swo_init
 .text.sl_debug_swo_write_u8
                0x00000000080007e4       0x44 CMakeFiles/slc_federated_learning_over_usart.dir/default_config/Users/maanders1/personal/git/federated_learning_project/fl_workspace/federated_learning_over_usart/gecko_sdk_4.4.3/platform/driver/debug/src/sl_debug_swo.c.obj
                0x00000000080007e4                sl_debug_swo_write_u8
 .text.StartTransfer
                0x0000000008000828      0x17c CMakeFiles/slc_federated_learning_over_usart.dir/default_config/Users/maanders1/personal/git/federated_learning_project/fl_workspace/federated_learning_over_usart/gecko_sdk_4.4.3/platform/emdrv/dmadrv/src/dmadrv.c.obj
 .text.DMADRV_AllocateChannel
                0x00000000080009a4       0x60 CMakeFiles/slc_federated_learning_over_usart.dir/default_config/Users/maanders1/personal/git/federated_learning_project/fl_workspace/federated_learning_over_usart/gecko_sdk_4.4.3/platform/emdrv/dmadrv/src/dmadrv.c.obj
                0x00000000080009a4                DMADRV_AllocateChannel
 .text.DMADRV_DeInit
                0x0000000008000a04       0x44 CMakeFiles/slc_federated_learning_over_usart.dir/default_config/Users/maanders1/personal/git/federated_learning_project/fl_workspace/federated_learning_over_usart/gecko_sdk_4.4.3/platform/emdrv/dmadrv/src/dmadrv.c.obj
                0x0000000008000a04                DMADRV_DeInit
 .text.DMADRV_FreeChannel
                0x0000000008000a48       0x4c CMakeFiles/slc_federated_learning_over_usart.dir/default_config/Users/maanders1/personal/git/federated_learning_project/fl_workspace/federated_learning_over_usart/gecko_sdk_4.4.3/platform/emdrv/dmadrv/src/dmadrv.c.obj
                0x0000000008000a48                DMADRV_FreeChannel
 .text.DMADRV_Init
                0x0000000008000a94       0x68 CMakeFiles/slc_federated_learning_over_usart.dir/default_config/Users/maanders1/personal/git/federated_learning_project/fl_workspace/federated_learning_over_usart/gecko_sdk_4.4.3/platform/emdrv/dmadrv/src/dmadrv.c.obj
                0x0000000008000a94                DMADRV_Init
 .text.DMADRV_PauseTransfer
                0x0000000008000afc       0x40 CMakeFiles/slc_federated_learning_over_usart.dir/default_config/Users/maanders1/personal/git/federated_learning_project/fl_workspace/federated_learning_over_usart/gecko_sdk_4.4.3/platform/emdrv/dmadrv/src/dmadrv.c.obj
                0x0000000008000afc                DMADRV_PauseTransfer
 .text.DMADRV_ResumeTransfer
                0x0000000008000b3c       0x40 CMakeFiles/slc_federated_learning_over_usart.dir/default_config/Users/maanders1/personal/git/federated_learning_project/fl_workspace/federated_learning_over_usart/gecko_sdk_4.4.3/platform/emdrv/dmadrv/src/dmadrv.c.obj
                0x0000000008000b3c                DMADRV_ResumeTransfer
 .text.DMADRV_StopTransfer
                0x0000000008000b7c       0x40 CMakeFiles/slc_federated_learning_over_usart.dir/default_config/Users/maanders1/personal/git/federated_learning_project/fl_workspace/federated_learning_over_usart/gecko_sdk_4.4.3/platform/emdrv/dmadrv/src/dmadrv.c.obj
                0x0000000008000b7c                DMADRV_StopTransfer
 .text.DMADRV_TransferCompletePending
                0x0000000008000bbc       0x50 CMakeFiles/slc_federated_learning_over_usart.dir/default_config/Users/maanders1/personal/git/federated_learning_project/fl_workspace/federated_learning_over_usart/gecko_sdk_4.4.3/platform/emdrv/dmadrv/src/dmadrv.c.obj
                0x0000000008000bbc                DMADRV_TransferCompletePending
 .text.DMADRV_TransferDone
                0x0000000008000c0c       0x44 CMakeFiles/slc_federated_learning_over_usart.dir/default_config/Users/maanders1/personal/git/federated_learning_project/fl_workspace/federated_learning_over_usart/gecko_sdk_4.4.3/platform/emdrv/dmadrv/src/dmadrv.c.obj
                0x0000000008000c0c                DMADRV_TransferDone
 .text.LDMA_IRQHandler
                0x0000000008000c50       0x74 CMakeFiles/slc_federated_learning_over_usart.dir/default_config/Users/maanders1/personal/git/federated_learning_project/fl_workspace/federated_learning_over_usart/gecko_sdk_4.4.3/platform/emdrv/dmadrv/src/dmadrv.c.obj
                0x0000000008000c50                LDMA_IRQHandler
 .text.TIMER0_IRQHandler
                0x0000000008000cc4       0x24 CMakeFiles/slc_federated_learning_over_usart.dir/default_config/Users/maanders1/personal/git/federated_learning_project/fl_workspace/federated_learning_over_usart/gecko_sdk_4.4.3/platform/emdrv/ustimer/src/ustimer.c.obj
                0x0000000008000cc4                TIMER0_IRQHandler
 .text.EMU_VScaleGet
                0x0000000008000ce8       0x18 CMakeFiles/slc_federated_learning_over_usart.dir/default_config/Users/maanders1/personal/git/federated_learning_project/fl_workspace/federated_learning_over_usart/gecko_sdk_4.4.3/platform/emlib/src/em_cmu.c.obj
 .text.traceClkGet
                0x0000000008000d00       0x54 CMakeFiles/slc_federated_learning_over_usart.dir/default_config/Users/maanders1/personal/git/federated_learning_project/fl_workspace/federated_learning_over_usart/gecko_sdk_4.4.3/platform/emlib/src/em_cmu.c.obj
 .text.em01GrpaClkGet
                0x0000000008000d54       0x74 CMakeFiles/slc_federated_learning_over_usart.dir/default_config/Users/maanders1/personal/git/federated_learning_project/fl_workspace/federated_learning_over_usart/gecko_sdk_4.4.3/platform/emlib/src/em_cmu.c.obj
 .text.em01GrpcClkGet
                0x0000000008000dc8       0x70 CMakeFiles/slc_federated_learning_over_usart.dir/default_config/Users/maanders1/personal/git/federated_learning_project/fl_workspace/federated_learning_over_usart/gecko_sdk_4.4.3/platform/emlib/src/em_cmu.c.obj
 .text.iadcClkGet
                0x0000000008000e38       0x60 CMakeFiles/slc_federated_learning_over_usart.dir/default_config/Users/maanders1/personal/git/federated_learning_project/fl_workspace/federated_learning_over_usart/gecko_sdk_4.4.3/platform/emlib/src/em_cmu.c.obj
 .text.eusart0ClkGet
                0x0000000008000e98       0x74 CMakeFiles/slc_federated_learning_over_usart.dir/default_config/Users/maanders1/personal/git/federated_learning_project/fl_workspace/federated_learning_over_usart/gecko_sdk_4.4.3/platform/emlib/src/em_cmu.c.obj
 .text.em23GrpaClkGet
                0x0000000008000f0c       0x48 CMakeFiles/slc_federated_learning_over_usart.dir/default_config/Users/maanders1/personal/git/federated_learning_project/fl_workspace/federated_learning_over_usart/gecko_sdk_4.4.3/platform/emlib/src/em_cmu.c.obj
 .text.vdac0ClkGet
                0x0000000008000f54       0x70 CMakeFiles/slc_federated_learning_over_usart.dir/default_config/Users/maanders1/personal/git/federated_learning_project/fl_workspace/federated_learning_over_usart/gecko_sdk_4.4.3/platform/emlib/src/em_cmu.c.obj
 .text.vdac1ClkGet
                0x0000000008000fc4       0x70 CMakeFiles/slc_federated_learning_over_usart.dir/default_config/Users/maanders1/personal/git/federated_learning_project/fl_workspace/federated_learning_over_usart/gecko_sdk_4.4.3/platform/emlib/src/em_cmu.c.obj
 .text.pcnt0ClkGet
                0x0000000008001034       0x4c CMakeFiles/slc_federated_learning_over_usart.dir/default_config/Users/maanders1/personal/git/federated_learning_project/fl_workspace/federated_learning_over_usart/gecko_sdk_4.4.3/platform/emlib/src/em_cmu.c.obj
 .text.wdog0ClkGet
                0x0000000008001080       0x64 CMakeFiles/slc_federated_learning_over_usart.dir/default_config/Users/maanders1/personal/git/federated_learning_project/fl_workspace/federated_learning_over_usart/gecko_sdk_4.4.3/platform/emlib/src/em_cmu.c.obj
 .text.wdog1ClkGet
                0x00000000080010e4       0x64 CMakeFiles/slc_federated_learning_over_usart.dir/default_config/Users/maanders1/personal/git/federated_learning_project/fl_workspace/federated_learning_over_usart/gecko_sdk_4.4.3/platform/emlib/src/em_cmu.c.obj
 .text.sysrtcClkGet
                0x0000000008001148       0x48 CMakeFiles/slc_federated_learning_over_usart.dir/default_config/Users/maanders1/personal/git/federated_learning_project/fl_workspace/federated_learning_over_usart/gecko_sdk_4.4.3/platform/emlib/src/em_cmu.c.obj
 .text.em4GrpaClkGet
                0x0000000008001190       0x48 CMakeFiles/slc_federated_learning_over_usart.dir/default_config/Users/maanders1/personal/git/federated_learning_project/fl_workspace/federated_learning_over_usart/gecko_sdk_4.4.3/platform/emlib/src/em_cmu.c.obj
 .text.CMU_ClockDivGet
                0x00000000080011d8       0x78 CMakeFiles/slc_federated_learning_over_usart.dir/default_config/Users/maanders1/personal/git/federated_learning_project/fl_workspace/federated_learning_over_usart/gecko_sdk_4.4.3/platform/emlib/src/em_cmu.c.obj
                0x00000000080011d8                CMU_ClockDivGet
 .text.flashWaitStateControl
                0x0000000008001250       0x58 CMakeFiles/slc_federated_learning_over_usart.dir/default_config/Users/maanders1/personal/git/federated_learning_project/fl_workspace/federated_learning_over_usart/gecko_sdk_4.4.3/platform/emlib/src/em_cmu.c.obj
 .text.CMU_ClockEnable
                0x00000000080012a8       0x50 CMakeFiles/slc_federated_learning_over_usart.dir/default_config/Users/maanders1/personal/git/federated_learning_project/fl_workspace/federated_learning_over_usart/gecko_sdk_4.4.3/platform/emlib/src/em_cmu.c.obj
                0x00000000080012a8                CMU_ClockEnable
 .text.CMU_ClockFreqGet
                0x00000000080012f8      0x204 CMakeFiles/slc_federated_learning_over_usart.dir/default_config/Users/maanders1/personal/git/federated_learning_project/fl_workspace/federated_learning_over_usart/gecko_sdk_4.4.3/platform/emlib/src/em_cmu.c.obj
                0x00000000080012f8                CMU_ClockFreqGet
 .text.rhclkPrescOptimize
                0x00000000080014fc       0x20 CMakeFiles/slc_federated_learning_over_usart.dir/default_config/Users/maanders1/personal/git/federated_learning_project/fl_workspace/federated_learning_over_usart/gecko_sdk_4.4.3/platform/emlib/src/em_cmu.c.obj
 .text.CMU_ClockSelectGet
                0x000000000800151c      0x22c CMakeFiles/slc_federated_learning_over_usart.dir/default_config/Users/maanders1/personal/git/federated_learning_project/fl_workspace/federated_learning_over_usart/gecko_sdk_4.4.3/platform/emlib/src/em_cmu.c.obj
                0x000000000800151c                CMU_ClockSelectGet
 .text.sli_em_cmu_HFXOSetForceEnable
                0x0000000008001748       0x1c CMakeFiles/slc_federated_learning_over_usart.dir/default_config/Users/maanders1/personal/git/federated_learning_project/fl_workspace/federated_learning_over_usart/gecko_sdk_4.4.3/platform/emlib/src/em_cmu.c.obj
                0x0000000008001748                sli_em_cmu_HFXOSetForceEnable
 .text.CMU_HFXOInit
                0x0000000008001764      0x224 CMakeFiles/slc_federated_learning_over_usart.dir/default_config/Users/maanders1/personal/git/federated_learning_project/fl_workspace/federated_learning_over_usart/gecko_sdk_4.4.3/platform/emlib/src/em_cmu.c.obj
                0x0000000008001764                CMU_HFXOInit
 .text.CMU_HFXOCTuneDeltaGet
                0x0000000008001988        0xc CMakeFiles/slc_federated_learning_over_usart.dir/default_config/Users/maanders1/personal/git/federated_learning_project/fl_workspace/federated_learning_over_usart/gecko_sdk_4.4.3/platform/emlib/src/em_cmu.c.obj
                0x0000000008001988                CMU_HFXOCTuneDeltaGet
 .text.CMU_LFXOInit
                0x0000000008001994       0xc4 CMakeFiles/slc_federated_learning_over_usart.dir/default_config/Users/maanders1/personal/git/federated_learning_project/fl_workspace/federated_learning_over_usart/gecko_sdk_4.4.3/platform/emlib/src/em_cmu.c.obj
                0x0000000008001994                CMU_LFXOInit
 .text.CMU_LFXOPrecisionSet
                0x0000000008001a58        0xc CMakeFiles/slc_federated_learning_over_usart.dir/default_config/Users/maanders1/personal/git/federated_learning_project/fl_workspace/federated_learning_over_usart/gecko_sdk_4.4.3/platform/emlib/src/em_cmu.c.obj
                0x0000000008001a58                CMU_LFXOPrecisionSet
 .text.CMU_HFXOPrecisionSet
                0x0000000008001a64        0xc CMakeFiles/slc_federated_learning_over_usart.dir/default_config/Users/maanders1/personal/git/federated_learning_project/fl_workspace/federated_learning_over_usart/gecko_sdk_4.4.3/platform/emlib/src/em_cmu.c.obj
                0x0000000008001a64                CMU_HFXOPrecisionSet
 .text.CMU_ClockDivSet
                0x0000000008001a70      0x12c CMakeFiles/slc_federated_learning_over_usart.dir/default_config/Users/maanders1/personal/git/federated_learning_project/fl_workspace/federated_learning_over_usart/gecko_sdk_4.4.3/platform/emlib/src/em_cmu.c.obj
                0x0000000008001a70                CMU_ClockDivSet
 .text.sli_em_cmu_SYSCLKInitPreClockSelect
                0x0000000008001b9c       0x20 CMakeFiles/slc_federated_learning_over_usart.dir/default_config/Users/maanders1/personal/git/federated_learning_project/fl_workspace/federated_learning_over_usart/gecko_sdk_4.4.3/platform/emlib/src/em_cmu.c.obj
                0x0000000008001b9c                sli_em_cmu_SYSCLKInitPreClockSelect
 .text.pclkDivOptimize
                0x0000000008001bbc       0x24 CMakeFiles/slc_federated_learning_over_usart.dir/default_config/Users/maanders1/personal/git/federated_learning_project/fl_workspace/federated_learning_over_usart/gecko_sdk_4.4.3/platform/emlib/src/em_cmu.c.obj
 .text.EMU_DCDCSync
                0x0000000008001be0       0x10 CMakeFiles/slc_federated_learning_over_usart.dir/default_config/Users/maanders1/personal/git/federated_learning_project/fl_workspace/federated_learning_over_usart/gecko_sdk_4.4.3/platform/emlib/src/em_emu.c.obj
 .text.EMU_EM4Init
                0x0000000008001bf0       0x14 CMakeFiles/slc_federated_learning_over_usart.dir/default_config/Users/maanders1/personal/git/federated_learning_project/fl_workspace/federated_learning_over_usart/gecko_sdk_4.4.3/platform/emlib/src/em_emu.c.obj
                0x0000000008001bf0                EMU_EM4Init
 .text.EMU_VScaleEM01
                0x0000000008001c04       0xa8 CMakeFiles/slc_federated_learning_over_usart.dir/default_config/Users/maanders1/personal/git/federated_learning_project/fl_workspace/federated_learning_over_usart/gecko_sdk_4.4.3/platform/emlib/src/em_emu.c.obj
                0x0000000008001c04                EMU_VScaleEM01
 .text.EMU_VScaleEM01ByClock
                0x0000000008001cac       0x30 CMakeFiles/slc_federated_learning_over_usart.dir/default_config/Users/maanders1/personal/git/federated_learning_project/fl_workspace/federated_learning_over_usart/gecko_sdk_4.4.3/platform/emlib/src/em_emu.c.obj
                0x0000000008001cac                EMU_VScaleEM01ByClock
 .text.EMU_DCDCModeSet
                0x0000000008001cdc       0xac CMakeFiles/slc_federated_learning_over_usart.dir/default_config/Users/maanders1/personal/git/federated_learning_project/fl_workspace/federated_learning_over_usart/gecko_sdk_4.4.3/platform/emlib/src/em_emu.c.obj
                0x0000000008001cdc                EMU_DCDCModeSet
 .text.EMU_DCDCInit
                0x0000000008001d88       0x70 CMakeFiles/slc_federated_learning_over_usart.dir/default_config/Users/maanders1/personal/git/federated_learning_project/fl_workspace/federated_learning_over_usart/gecko_sdk_4.4.3/platform/emlib/src/em_emu.c.obj
                0x0000000008001d88                EMU_DCDCInit
 .text.EMU_DCDCSetPFMXModePeakCurrent
                0x0000000008001df8       0x6c CMakeFiles/slc_federated_learning_over_usart.dir/default_config/Users/maanders1/personal/git/federated_learning_project/fl_workspace/federated_learning_over_usart/gecko_sdk_4.4.3/platform/emlib/src/em_emu.c.obj
                0x0000000008001df8                EMU_DCDCSetPFMXModePeakCurrent
 .text.GPIO_PinOutSet
                0x0000000008001e64       0x3c CMakeFiles/slc_federated_learning_over_usart.dir/default_config/Users/maanders1/personal/git/federated_learning_project/fl_workspace/federated_learning_over_usart/gecko_sdk_4.4.3/platform/emlib/src/em_gpio.c.obj
 .text.GPIO_PinOutClear
                0x0000000008001ea0       0x3c CMakeFiles/slc_federated_learning_over_usart.dir/default_config/Users/maanders1/personal/git/federated_learning_project/fl_workspace/federated_learning_over_usart/gecko_sdk_4.4.3/platform/emlib/src/em_gpio.c.obj
 .text.GPIO_PinModeSet
                0x0000000008001edc       0x94 CMakeFiles/slc_federated_learning_over_usart.dir/default_config/Users/maanders1/personal/git/federated_learning_project/fl_workspace/federated_learning_over_usart/gecko_sdk_4.4.3/platform/emlib/src/em_gpio.c.obj
                0x0000000008001edc                GPIO_PinModeSet
 .text.LDMA_DeInit
                0x0000000008001f70       0x3c CMakeFiles/slc_federated_learning_over_usart.dir/default_config/Users/maanders1/personal/git/federated_learning_project/fl_workspace/federated_learning_over_usart/gecko_sdk_4.4.3/platform/emlib/src/em_ldma.c.obj
                0x0000000008001f70                LDMA_DeInit
 .text.LDMA_EnableChannelRequest
                0x0000000008001fac       0x40 CMakeFiles/slc_federated_learning_over_usart.dir/default_config/Users/maanders1/personal/git/federated_learning_project/fl_workspace/federated_learning_over_usart/gecko_sdk_4.4.3/platform/emlib/src/em_ldma.c.obj
                0x0000000008001fac                LDMA_EnableChannelRequest
 .text.LDMA_Init
                0x0000000008001fec       0x94 CMakeFiles/slc_federated_learning_over_usart.dir/default_config/Users/maanders1/personal/git/federated_learning_project/fl_workspace/federated_learning_over_usart/gecko_sdk_4.4.3/platform/emlib/src/em_ldma.c.obj
                0x0000000008001fec                LDMA_Init
 .text.LDMA_StartTransfer
                0x0000000008002080      0x104 CMakeFiles/slc_federated_learning_over_usart.dir/default_config/Users/maanders1/personal/git/federated_learning_project/fl_workspace/federated_learning_over_usart/gecko_sdk_4.4.3/platform/emlib/src/em_ldma.c.obj
                0x0000000008002080                LDMA_StartTransfer
 .text.LDMA_StopTransfer
                0x0000000008002184       0x38 CMakeFiles/slc_federated_learning_over_usart.dir/default_config/Users/maanders1/personal/git/federated_learning_project/fl_workspace/federated_learning_over_usart/gecko_sdk_4.4.3/platform/emlib/src/em_ldma.c.obj
                0x0000000008002184                LDMA_StopTransfer
 .text.LDMA_TransferDone
                0x00000000080021bc       0x44 CMakeFiles/slc_federated_learning_over_usart.dir/default_config/Users/maanders1/personal/git/federated_learning_project/fl_workspace/federated_learning_over_usart/gecko_sdk_4.4.3/platform/emlib/src/em_ldma.c.obj
                0x00000000080021bc                LDMA_TransferDone
 .text.SYSTEM_ChipRevisionGet
                0x0000000008002200       0x24 CMakeFiles/slc_federated_learning_over_usart.dir/default_config/Users/maanders1/personal/git/federated_learning_project/fl_workspace/federated_learning_over_usart/gecko_sdk_4.4.3/platform/emlib/src/em_system.c.obj
                0x0000000008002200                SYSTEM_ChipRevisionGet
 .text.USART_BaudrateAsyncSet
                0x0000000008002224       0xe0 CMakeFiles/slc_federated_learning_over_usart.dir/default_config/Users/maanders1/personal/git/federated_learning_project/fl_workspace/federated_learning_over_usart/gecko_sdk_4.4.3/platform/emlib/src/em_usart.c.obj
                0x0000000008002224                USART_BaudrateAsyncSet
 .text.USART_BaudrateSyncSet
                0x0000000008002304       0x48 CMakeFiles/slc_federated_learning_over_usart.dir/default_config/Users/maanders1/personal/git/federated_learning_project/fl_workspace/federated_learning_over_usart/gecko_sdk_4.4.3/platform/emlib/src/em_usart.c.obj
                0x0000000008002304                USART_BaudrateSyncSet
 .text.USART_Enable
                0x000000000800234c       0x3c CMakeFiles/slc_federated_learning_over_usart.dir/default_config/Users/maanders1/personal/git/federated_learning_project/fl_workspace/federated_learning_over_usart/gecko_sdk_4.4.3/platform/emlib/src/em_usart.c.obj
                0x000000000800234c                USART_Enable
 .text.USART_Reset
                0x0000000008002388       0x58 CMakeFiles/slc_federated_learning_over_usart.dir/default_config/Users/maanders1/personal/git/federated_learning_project/fl_workspace/federated_learning_over_usart/gecko_sdk_4.4.3/platform/emlib/src/em_usart.c.obj
                0x0000000008002388                USART_Reset
 .text.USART_InitAsync
                0x00000000080023e0       0xd4 CMakeFiles/slc_federated_learning_over_usart.dir/default_config/Users/maanders1/personal/git/federated_learning_project/fl_workspace/federated_learning_over_usart/gecko_sdk_4.4.3/platform/emlib/src/em_usart.c.obj
                0x00000000080023e0                USART_InitAsync
 .text.USART_InitSync
                0x00000000080024b4       0xb0 CMakeFiles/slc_federated_learning_over_usart.dir/default_config/Users/maanders1/personal/git/federated_learning_project/fl_workspace/federated_learning_over_usart/gecko_sdk_4.4.3/platform/emlib/src/em_usart.c.obj
                0x00000000080024b4                USART_InitSync
 .text.sl_hal_sysrtc_wait_sync
                0x0000000008002564       0x14 CMakeFiles/slc_federated_learning_over_usart.dir/default_config/Users/maanders1/personal/git/federated_learning_project/fl_workspace/federated_learning_over_usart/gecko_sdk_4.4.3/platform/peripheral/src/peripheral_sysrtc.c.obj
                0x0000000008002564                sl_hal_sysrtc_wait_sync
 .text.sl_hal_sysrtc_wait_ready
                0x0000000008002578       0x1c CMakeFiles/slc_federated_learning_over_usart.dir/default_config/Users/maanders1/personal/git/federated_learning_project/fl_workspace/federated_learning_over_usart/gecko_sdk_4.4.3/platform/peripheral/src/peripheral_sysrtc.c.obj
                0x0000000008002578                sl_hal_sysrtc_wait_ready
 .text.sl_hal_sysrtc_stop
                0x0000000008002594       0x14 CMakeFiles/slc_federated_learning_over_usart.dir/default_config/Users/maanders1/personal/git/federated_learning_project/fl_workspace/federated_learning_over_usart/gecko_sdk_4.4.3/platform/peripheral/src/peripheral_sysrtc.c.obj
                0x0000000008002594                sl_hal_sysrtc_stop
 .text.sl_hal_sysrtc_enable
                0x00000000080025a8       0x18 CMakeFiles/slc_federated_learning_over_usart.dir/default_config/Users/maanders1/personal/git/federated_learning_project/fl_workspace/federated_learning_over_usart/gecko_sdk_4.4.3/platform/peripheral/src/peripheral_sysrtc.c.obj
                0x00000000080025a8                sl_hal_sysrtc_enable
 .text.sl_hal_sysrtc_disable
                0x00000000080025c0       0x1c CMakeFiles/slc_federated_learning_over_usart.dir/default_config/Users/maanders1/personal/git/federated_learning_project/fl_workspace/federated_learning_over_usart/gecko_sdk_4.4.3/platform/peripheral/src/peripheral_sysrtc.c.obj
                0x00000000080025c0                sl_hal_sysrtc_disable
 .text.sl_hal_sysrtc_init
                0x00000000080025dc       0x20 CMakeFiles/slc_federated_learning_over_usart.dir/default_config/Users/maanders1/personal/git/federated_learning_project/fl_workspace/federated_learning_over_usart/gecko_sdk_4.4.3/platform/peripheral/src/peripheral_sysrtc.c.obj
                0x00000000080025dc                sl_hal_sysrtc_init
 .text.sl_hal_sysrtc_init_group
                0x00000000080025fc       0x48 CMakeFiles/slc_federated_learning_over_usart.dir/default_config/Users/maanders1/personal/git/federated_learning_project/fl_workspace/federated_learning_over_usart/gecko_sdk_4.4.3/platform/peripheral/src/peripheral_sysrtc.c.obj
                0x00000000080025fc                sl_hal_sysrtc_init_group
 .text.sl_hal_sysrtc_enable_group_interrupts
                0x0000000008002644       0x1c CMakeFiles/slc_federated_learning_over_usart.dir/default_config/Users/maanders1/personal/git/federated_learning_project/fl_workspace/federated_learning_over_usart/gecko_sdk_4.4.3/platform/peripheral/src/peripheral_sysrtc.c.obj
                0x0000000008002644                sl_hal_sysrtc_enable_group_interrupts
 .text.sl_hal_sysrtc_disable_group_interrupts
                0x0000000008002660       0x1c CMakeFiles/slc_federated_learning_over_usart.dir/default_config/Users/maanders1/personal/git/federated_learning_project/fl_workspace/federated_learning_over_usart/gecko_sdk_4.4.3/platform/peripheral/src/peripheral_sysrtc.c.obj
                0x0000000008002660                sl_hal_sysrtc_disable_group_interrupts
 .text.sl_hal_sysrtc_clear_group_interrupts
                0x000000000800267c       0x1c CMakeFiles/slc_federated_learning_over_usart.dir/default_config/Users/maanders1/personal/git/federated_learning_project/fl_workspace/federated_learning_over_usart/gecko_sdk_4.4.3/platform/peripheral/src/peripheral_sysrtc.c.obj
                0x000000000800267c                sl_hal_sysrtc_clear_group_interrupts
 .text.sl_hal_sysrtc_get_group_interrupts
                0x0000000008002698       0x20 CMakeFiles/slc_federated_learning_over_usart.dir/default_config/Users/maanders1/personal/git/federated_learning_project/fl_workspace/federated_learning_over_usart/gecko_sdk_4.4.3/platform/peripheral/src/peripheral_sysrtc.c.obj
                0x0000000008002698                sl_hal_sysrtc_get_group_interrupts
 .text.sl_hal_sysrtc_get_group_compare_channel_value
                0x00000000080026b8       0x30 CMakeFiles/slc_federated_learning_over_usart.dir/default_config/Users/maanders1/personal/git/federated_learning_project/fl_workspace/federated_learning_over_usart/gecko_sdk_4.4.3/platform/peripheral/src/peripheral_sysrtc.c.obj
                0x00000000080026b8                sl_hal_sysrtc_get_group_compare_channel_value
 .text.sl_hal_sysrtc_set_group_compare_channel_value
                0x00000000080026e8       0x28 CMakeFiles/slc_federated_learning_over_usart.dir/default_config/Users/maanders1/personal/git/federated_learning_project/fl_workspace/federated_learning_over_usart/gecko_sdk_4.4.3/platform/peripheral/src/peripheral_sysrtc.c.obj
                0x00000000080026e8                sl_hal_sysrtc_set_group_compare_channel_value
 .text.sl_device_init_dcdc
                0x0000000008002710       0x2c CMakeFiles/slc_federated_learning_over_usart.dir/default_config/Users/maanders1/personal/git/federated_learning_project/fl_workspace/federated_learning_over_usart/gecko_sdk_4.4.3/platform/service/device_init/src/sl_device_init_dcdc_s2.c.obj
                0x0000000008002710                sl_device_init_dcdc
 .text.sl_device_init_emu
                0x000000000800273c       0x24 CMakeFiles/slc_federated_learning_over_usart.dir/default_config/Users/maanders1/personal/git/federated_learning_project/fl_workspace/federated_learning_over_usart/gecko_sdk_4.4.3/platform/service/device_init/src/sl_device_init_emu_s2.c.obj
                0x000000000800273c                sl_device_init_emu
 .text.sl_device_init_hfxo
                0x0000000008002760       0x70 CMakeFiles/slc_federated_learning_over_usart.dir/default_config/Users/maanders1/personal/git/federated_learning_project/fl_workspace/federated_learning_over_usart/gecko_sdk_4.4.3/platform/service/device_init/src/sl_device_init_hfxo_s2.c.obj
                0x0000000008002760                sl_device_init_hfxo
 .text.sl_device_init_lfxo
                0x00000000080027d0       0x2c CMakeFiles/slc_federated_learning_over_usart.dir/default_config/Users/maanders1/personal/git/federated_learning_project/fl_workspace/federated_learning_over_usart/gecko_sdk_4.4.3/platform/service/device_init/src/sl_device_init_lfxo_s2.c.obj
                0x00000000080027d0                sl_device_init_lfxo
 .text.sl_device_init_nvic
                0x00000000080027fc       0x3c CMakeFiles/slc_federated_learning_over_usart.dir/default_config/Users/maanders1/personal/git/federated_learning_project/fl_workspace/federated_learning_over_usart/gecko_sdk_4.4.3/platform/service/device_init/src/sl_device_init_nvic.c.obj
                0x00000000080027fc                sl_device_init_nvic
 .text.sl_iostream_set_default
                0x0000000008002838       0x18 CMakeFiles/slc_federated_learning_over_usart.dir/default_config/Users/maanders1/personal/git/federated_learning_project/fl_workspace/federated_learning_over_usart/gecko_sdk_4.4.3/platform/service/iostream/src/sl_iostream.c.obj
                0x0000000008002838                sl_iostream_set_default
 .text.sl_iostream_get_default
                0x0000000008002850       0x18 CMakeFiles/slc_federated_learning_over_usart.dir/default_config/Users/maanders1/personal/git/federated_learning_project/fl_workspace/federated_learning_over_usart/gecko_sdk_4.4.3/platform/service/iostream/src/sl_iostream.c.obj
                0x0000000008002850                sl_iostream_get_default
 .text.get_write_ptr
                0x0000000008002868       0x40 CMakeFiles/slc_federated_learning_over_usart.dir/default_config/Users/maanders1/personal/git/federated_learning_project/fl_workspace/federated_learning_over_usart/gecko_sdk_4.4.3/platform/service/iostream/src/sl_iostream_uart.c.obj
 .text.dma_irq_handler
                0x00000000080028a8       0x74 CMakeFiles/slc_federated_learning_over_usart.dir/default_config/Users/maanders1/personal/git/federated_learning_project/fl_workspace/federated_learning_over_usart/gecko_sdk_4.4.3/platform/service/iostream/src/sl_iostream_uart.c.obj
 .text.uart_read
                0x000000000800291c      0x1f4 CMakeFiles/slc_federated_learning_over_usart.dir/default_config/Users/maanders1/personal/git/federated_learning_project/fl_workspace/federated_learning_over_usart/gecko_sdk_4.4.3/platform/service/iostream/src/sl_iostream_uart.c.obj
 .text.uart_deinit
                0x0000000008002b10       0x98 CMakeFiles/slc_federated_learning_over_usart.dir/default_config/Users/maanders1/personal/git/federated_learning_project/fl_workspace/federated_learning_over_usart/gecko_sdk_4.4.3/platform/service/iostream/src/sl_iostream_uart.c.obj
 .text.uart_write
                0x0000000008002ba8       0xc0 CMakeFiles/slc_federated_learning_over_usart.dir/default_config/Users/maanders1/personal/git/federated_learning_project/fl_workspace/federated_learning_over_usart/gecko_sdk_4.4.3/platform/service/iostream/src/sl_iostream_uart.c.obj
 .text.sli_iostream_uart_context_init
                0x0000000008002c68       0xf8 CMakeFiles/slc_federated_learning_over_usart.dir/default_config/Users/maanders1/personal/git/federated_learning_project/fl_workspace/federated_learning_over_usart/gecko_sdk_4.4.3/platform/service/iostream/src/sl_iostream_uart.c.obj
                0x0000000008002c68                sli_iostream_uart_context_init
 .text.sl_iostream_usart_init
                0x0000000008002d60      0x17c CMakeFiles/slc_federated_learning_over_usart.dir/default_config/Users/maanders1/personal/git/federated_learning_project/fl_workspace/federated_learning_over_usart/gecko_sdk_4.4.3/platform/service/iostream/src/sl_iostream_usart.c.obj
                0x0000000008002d60                sl_iostream_usart_init
 .text.delta_list_insert_timer
                0x0000000008002edc       0x40 CMakeFiles/slc_federated_learning_over_usart.dir/default_config/Users/maanders1/personal/git/federated_learning_project/fl_workspace/federated_learning_over_usart/gecko_sdk_4.4.3/platform/service/sleeptimer/src/sl_sleeptimer.c.obj
 .text.update_delta_list
                0x0000000008002f1c       0x34 CMakeFiles/slc_federated_learning_over_usart.dir/default_config/Users/maanders1/personal/git/federated_learning_project/fl_workspace/federated_learning_over_usart/gecko_sdk_4.4.3/platform/service/sleeptimer/src/sl_sleeptimer.c.obj
 .text.set_comparator_for_next_timer
                0x0000000008002f50       0x5c CMakeFiles/slc_federated_learning_over_usart.dir/default_config/Users/maanders1/personal/git/federated_learning_project/fl_workspace/federated_learning_over_usart/gecko_sdk_4.4.3/platform/service/sleeptimer/src/sl_sleeptimer.c.obj
 .text.delta_list_remove_timer
                0x0000000008002fac       0x38 CMakeFiles/slc_federated_learning_over_usart.dir/default_config/Users/maanders1/personal/git/federated_learning_project/fl_workspace/federated_learning_over_usart/gecko_sdk_4.4.3/platform/service/sleeptimer/src/sl_sleeptimer.c.obj
 .text.sl_sleeptimer_init
                0x0000000008002fe4       0x74 CMakeFiles/slc_federated_learning_over_usart.dir/default_config/Users/maanders1/personal/git/federated_learning_project/fl_workspace/federated_learning_over_usart/gecko_sdk_4.4.3/platform/service/sleeptimer/src/sl_sleeptimer.c.obj
                0x0000000008002fe4                sl_sleeptimer_init
 .text.process_timer_irq
                0x0000000008003058      0x150 CMakeFiles/slc_federated_learning_over_usart.dir/default_config/Users/maanders1/personal/git/federated_learning_project/fl_workspace/federated_learning_over_usart/gecko_sdk_4.4.3/platform/service/sleeptimer/src/sl_sleeptimer.c.obj
                0x0000000008003058                process_timer_irq
 .text.sleeptimer_hal_init_timer
                0x00000000080031a8       0x64 CMakeFiles/slc_federated_learning_over_usart.dir/default_config/Users/maanders1/personal/git/federated_learning_project/fl_workspace/federated_learning_over_usart/gecko_sdk_4.4.3/platform/service/sleeptimer/src/sl_sleeptimer_hal_sysrtc.c.obj
                0x00000000080031a8                sleeptimer_hal_init_timer
 .text.sleeptimer_hal_get_counter
                0x000000000800320c       0x10 CMakeFiles/slc_federated_learning_over_usart.dir/default_config/Users/maanders1/personal/git/federated_learning_project/fl_workspace/federated_learning_over_usart/gecko_sdk_4.4.3/platform/service/sleeptimer/src/sl_sleeptimer_hal_sysrtc.c.obj
                0x000000000800320c                sleeptimer_hal_get_counter
 .text.sleeptimer_hal_set_compare
                0x000000000800321c       0x70 CMakeFiles/slc_federated_learning_over_usart.dir/default_config/Users/maanders1/personal/git/federated_learning_project/fl_workspace/federated_learning_over_usart/gecko_sdk_4.4.3/platform/service/sleeptimer/src/sl_sleeptimer_hal_sysrtc.c.obj
                0x000000000800321c                sleeptimer_hal_set_compare
 .text.sleeptimer_hal_disable_int
                0x000000000800328c       0x2c CMakeFiles/slc_federated_learning_over_usart.dir/default_config/Users/maanders1/personal/git/federated_learning_project/fl_workspace/federated_learning_over_usart/gecko_sdk_4.4.3/platform/service/sleeptimer/src/sl_sleeptimer_hal_sysrtc.c.obj
                0x000000000800328c                sleeptimer_hal_disable_int
 .text.sleeptimer_hal_set_int
                0x00000000080032b8       0x10 CMakeFiles/slc_federated_learning_over_usart.dir/default_config/Users/maanders1/personal/git/federated_learning_project/fl_workspace/federated_learning_over_usart/gecko_sdk_4.4.3/platform/service/sleeptimer/src/sl_sleeptimer_hal_sysrtc.c.obj
                0x00000000080032b8                sleeptimer_hal_set_int
 .text.sl_udelay_wait
                0x00000000080032c8       0x58 CMakeFiles/slc_federated_learning_over_usart.dir/default_config/Users/maanders1/personal/git/federated_learning_project/fl_workspace/federated_learning_over_usart/gecko_sdk_4.4.3/platform/service/udelay/src/sl_udelay.c.obj
                0x00000000080032c8                sl_udelay_wait
 .text.send_data.part.0
                0x0000000008003320       0xa0 CMakeFiles/slc_federated_learning_over_usart.dir/default_config/Users/maanders1/personal/git/federated_learning_project/fl_workspace/federated_learning_over_usart/app_iostream_usart.c.obj
 .text.app_iostream_usart_init
                0x00000000080033c0       0x20 CMakeFiles/slc_federated_learning_over_usart.dir/default_config/Users/maanders1/personal/git/federated_learning_project/fl_workspace/federated_learning_over_usart/app_iostream_usart.c.obj
                0x00000000080033c0                app_iostream_usart_init
 .text.set_new_state
                0x00000000080033e0       0x10 CMakeFiles/slc_federated_learning_over_usart.dir/default_config/Users/maanders1/personal/git/federated_learning_project/fl_workspace/federated_learning_over_usart/app_iostream_usart.c.obj
                0x00000000080033e0                set_new_state
 .text.send_data
                0x00000000080033f0       0x3c CMakeFiles/slc_federated_learning_over_usart.dir/default_config/Users/maanders1/personal/git/federated_learning_project/fl_workspace/federated_learning_over_usart/app_iostream_usart.c.obj
                0x00000000080033f0                send_data
 .text.read_and_handle_uart_packet
                0x000000000800342c       0x94 CMakeFiles/slc_federated_learning_over_usart.dir/default_config/Users/maanders1/personal/git/federated_learning_project/fl_workspace/federated_learning_over_usart/app_iostream_usart.c.obj
                0x000000000800342c                read_and_handle_uart_packet
 .text.app_iostream_usart_process_action
                0x00000000080034c0       0x80 CMakeFiles/slc_federated_learning_over_usart.dir/default_config/Users/maanders1/personal/git/federated_learning_project/fl_workspace/federated_learning_over_usart/app_iostream_usart.c.obj
                0x00000000080034c0                app_iostream_usart_process_action
 .text.fl_fsm   0x0000000008003540       0x98 CMakeFiles/slc_federated_learning_over_usart.dir/default_config/Users/maanders1/personal/git/federated_learning_project/fl_workspace/federated_learning_over_usart/app_iostream_usart.c.obj
                0x0000000008003540                fl_fsm
 .text.sl_device_init_clocks
                0x00000000080035d8       0xac CMakeFiles/slc_federated_learning_over_usart.dir/default_config/Users/maanders1/personal/git/federated_learning_project/fl_workspace/federated_learning_over_usart/autogen/sl_device_init_clocks.c.obj
                0x00000000080035d8                sl_device_init_clocks
 .text.sl_platform_init
                0x0000000008003684       0x6c CMakeFiles/slc_federated_learning_over_usart.dir/default_config/Users/maanders1/personal/git/federated_learning_project/fl_workspace/federated_learning_over_usart/autogen/sl_event_handler.c.obj
                0x0000000008003684                sl_platform_init
 .text.sl_iostream_usart_init_vcom
                0x00000000080036f0       0xb8 CMakeFiles/slc_federated_learning_over_usart.dir/default_config/Users/maanders1/personal/git/federated_learning_project/fl_workspace/federated_learning_over_usart/autogen/sl_iostream_init_usart_instances.c.obj
                0x00000000080036f0                sl_iostream_usart_init_vcom
 .text.sl_iostream_usart_init_instances
                0x00000000080037a8       0x1c CMakeFiles/slc_federated_learning_over_usart.dir/default_config/Users/maanders1/personal/git/federated_learning_project/fl_workspace/federated_learning_over_usart/autogen/sl_iostream_init_usart_instances.c.obj
                0x00000000080037a8                sl_iostream_usart_init_instances
 .text.USART0_RX_IRQHandler
                0x00000000080037c4        0xc CMakeFiles/slc_federated_learning_over_usart.dir/default_config/Users/maanders1/personal/git/federated_learning_project/fl_workspace/federated_learning_over_usart/autogen/sl_iostream_init_usart_instances.c.obj
                0x00000000080037c4                USART0_RX_IRQHandler
 .text.mean_squared_error
                0x00000000080037d0       0x54 CMakeFiles/federated_learning_over_usart.dir/default_config/Users/maanders1/personal/git/federated_learning_project/fl_workspace/federated_learning_over_usart/app_fl.c.obj
                0x00000000080037d0                mean_squared_error
 .text.training_data_handler
                0x0000000008003824       0xf8 CMakeFiles/federated_learning_over_usart.dir/default_config/Users/maanders1/personal/git/federated_learning_project/fl_workspace/federated_learning_over_usart/uart_data_handlers.c.obj
                0x0000000008003824                training_data_handler
 .text          0x000000000800391c      0x378 /Applications/Simplicity Studio.app/Contents/Eclipse/developer/toolchains/gnu_arm/12.2.rel1_2023.7/bin/../lib/gcc/arm-none-eabi/12.2.1/thumb/v8-m.main+fp/hard/libgcc.a(_arm_addsubdf3.o)
                0x000000000800391c                __aeabi_drsub
                0x0000000008003924                __subdf3
                0x0000000008003924                __aeabi_dsub
                0x0000000008003928                __aeabi_dadd
                0x0000000008003928                __adddf3
                0x0000000008003ba0                __aeabi_ui2d
                0x0000000008003ba0                __floatunsidf
                0x0000000008003bc0                __floatsidf
                0x0000000008003bc0                __aeabi_i2d
                0x0000000008003be4                __extendsfdf2
                0x0000000008003be4                __aeabi_f2d
                0x0000000008003c28                __aeabi_ul2d
                0x0000000008003c28                __floatundidf
                0x0000000008003c38                __aeabi_l2d
                0x0000000008003c38                __floatdidf
 .text          0x0000000008003c94      0x424 /Applications/Simplicity Studio.app/Contents/Eclipse/developer/toolchains/gnu_arm/12.2.rel1_2023.7/bin/../lib/gcc/arm-none-eabi/12.2.1/thumb/v8-m.main+fp/hard/libgcc.a(_arm_muldivdf3.o)
                0x0000000008003c94                __aeabi_dmul
                0x0000000008003c94                __muldf3
                0x0000000008003ee8                __aeabi_ddiv
                0x0000000008003ee8                __divdf3
 .text          0x00000000080040b8       0x40 /Applications/Simplicity Studio.app/Contents/Eclipse/developer/toolchains/gnu_arm/12.2.rel1_2023.7/bin/../lib/gcc/arm-none-eabi/12.2.1/thumb/v8-m.main+fp/hard/libgcc.a(_arm_fixunsdfsi.o)
                0x00000000080040b8                __fixunsdfsi
                0x00000000080040b8                __aeabi_d2uiz
 .text          0x00000000080040f8       0xa0 /Applications/Simplicity Studio.app/Contents/Eclipse/developer/toolchains/gnu_arm/12.2.rel1_2023.7/bin/../lib/gcc/arm-none-eabi/12.2.1/thumb/v8-m.main+fp/hard/libgcc.a(_arm_truncdfsf2.o)
                0x00000000080040f8                __aeabi_d2f
                0x00000000080040f8                __truncdfsf2
 .text          0x0000000008004198       0x30 /Applications/Simplicity Studio.app/Contents/Eclipse/developer/toolchains/gnu_arm/12.2.rel1_2023.7/bin/../lib/gcc/arm-none-eabi/12.2.1/thumb/v8-m.main+fp/hard/libgcc.a(_aeabi_uldivmod.o)
                0x0000000008004198                __aeabi_uldivmod
 .text.__udivmoddi4
                0x00000000080041c8      0x2ec /Applications/Simplicity Studio.app/Contents/Eclipse/developer/toolchains/gnu_arm/12.2.rel1_2023.7/bin/../lib/gcc/arm-none-eabi/12.2.1/thumb/v8-m.main+fp/hard/libgcc.a(_udivmoddi4.o)
                0x00000000080041c8                __udivmoddi4
 .text          0x00000000080044b4        0x4 /Applications/Simplicity Studio.app/Contents/Eclipse/developer/toolchains/gnu_arm/12.2.rel1_2023.7/bin/../lib/gcc/arm-none-eabi/12.2.1/thumb/v8-m.main+fp/hard/libgcc.a(_dvmd_tls.o)
                0x00000000080044b4                __aeabi_ldiv0
                0x00000000080044b4                __aeabi_idiv0
 .text.exit     0x00000000080044b8       0x24 /Applications/Simplicity Studio.app/Contents/Eclipse/developer/toolchains/gnu_arm/12.2.rel1_2023.7/bin/../lib/gcc/arm-none-eabi/12.2.1/../../../../arm-none-eabi/lib/thumb/v8-m.main+fp/hard/libc_nano.a(libc_a-exit.o)
                0x00000000080044b8                exit
 .text.realloc  0x00000000080044dc       0x10 /Applications/Simplicity Studio.app/Contents/Eclipse/developer/toolchains/gnu_arm/12.2.rel1_2023.7/bin/../lib/gcc/arm-none-eabi/12.2.1/../../../../arm-none-eabi/lib/thumb/v8-m.main+fp/hard/libc_nano.a(libc_a-realloc.o)
                0x00000000080044dc                realloc
 .text.__libc_init_array
                0x00000000080044ec       0x48 /Applications/Simplicity Studio.app/Contents/Eclipse/developer/toolchains/gnu_arm/12.2.rel1_2023.7/bin/../lib/gcc/arm-none-eabi/12.2.1/../../../../arm-none-eabi/lib/thumb/v8-m.main+fp/hard/libc_nano.a(libc_a-init.o)
                0x00000000080044ec                __libc_init_array
 .text._free_r  0x0000000008004534       0x94 /Applications/Simplicity Studio.app/Contents/Eclipse/developer/toolchains/gnu_arm/12.2.rel1_2023.7/bin/../lib/gcc/arm-none-eabi/12.2.1/../../../../arm-none-eabi/lib/thumb/v8-m.main+fp/hard/libc_nano.a(libc_a-freer.o)
                0x0000000008004534                _free_r
 .text.sbrk_aligned
                0x00000000080045c8       0x44 /Applications/Simplicity Studio.app/Contents/Eclipse/developer/toolchains/gnu_arm/12.2.rel1_2023.7/bin/../lib/gcc/arm-none-eabi/12.2.1/../../../../arm-none-eabi/lib/thumb/v8-m.main+fp/hard/libc_nano.a(libc_a-mallocr.o)
 .text._malloc_r
                0x000000000800460c       0xf0 /Applications/Simplicity Studio.app/Contents/Eclipse/developer/toolchains/gnu_arm/12.2.rel1_2023.7/bin/../lib/gcc/arm-none-eabi/12.2.1/../../../../arm-none-eabi/lib/thumb/v8-m.main+fp/hard/libc_nano.a(libc_a-mallocr.o)
                0x000000000800460c                _malloc_r
 .text.__malloc_lock
                0x00000000080046fc        0xc /Applications/Simplicity Studio.app/Contents/Eclipse/developer/toolchains/gnu_arm/12.2.rel1_2023.7/bin/../lib/gcc/arm-none-eabi/12.2.1/../../../../arm-none-eabi/lib/thumb/v8-m.main+fp/hard/libc_nano.a(libc_a-mlock.o)
                0x00000000080046fc                __malloc_lock
 .text.__malloc_unlock
                0x0000000008004708        0xc /Applications/Simplicity Studio.app/Contents/Eclipse/developer/toolchains/gnu_arm/12.2.rel1_2023.7/bin/../lib/gcc/arm-none-eabi/12.2.1/../../../../arm-none-eabi/lib/thumb/v8-m.main+fp/hard/libc_nano.a(libc_a-mlock.o)
                0x0000000008004708                __malloc_unlock
 .text._sbrk_r  0x0000000008004714       0x20 /Applications/Simplicity Studio.app/Contents/Eclipse/developer/toolchains/gnu_arm/12.2.rel1_2023.7/bin/../lib/gcc/arm-none-eabi/12.2.1/../../../../arm-none-eabi/lib/thumb/v8-m.main+fp/hard/libc_nano.a(libc_a-sbrkr.o)
                0x0000000008004714                _sbrk_r
 .text.sqrt     0x0000000008004734       0x68 /Applications/Simplicity Studio.app/Contents/Eclipse/developer/toolchains/gnu_arm/12.2.rel1_2023.7/bin/../lib/gcc/arm-none-eabi/12.2.1/../../../../arm-none-eabi/lib/thumb/v8-m.main+fp/hard/libm.a(libm_a-w_sqrt.o)
                0x0000000008004734                sqrt
 .text.__ieee754_sqrt
                0x000000000800479c      0x1f4 /Applications/Simplicity Studio.app/Contents/Eclipse/developer/toolchains/gnu_arm/12.2.rel1_2023.7/bin/../lib/gcc/arm-none-eabi/12.2.1/../../../../arm-none-eabi/lib/thumb/v8-m.main+fp/hard/libm.a(libm_a-e_sqrt.o)
                0x000000000800479c                __ieee754_sqrt
 .text          0x0000000008004990      0x110 /Applications/Simplicity Studio.app/Contents/Eclipse/developer/toolchains/gnu_arm/12.2.rel1_2023.7/bin/../lib/gcc/arm-none-eabi/12.2.1/thumb/v8-m.main+fp/hard/libgcc.a(_arm_cmpdf2.o)
                0x0000000008004990                __gedf2
                0x0000000008004990                __gtdf2
                0x0000000008004998                __ledf2
                0x0000000008004998                __ltdf2
                0x00000000080049a0                __cmpdf2
                0x00000000080049a0                __eqdf2
                0x00000000080049a0                __nedf2
                0x0000000008004a1c                __aeabi_cdrcmple
                0x0000000008004a2c                __aeabi_cdcmple
                0x0000000008004a2c                __aeabi_cdcmpeq
                0x0000000008004a3c                __aeabi_dcmpeq
                0x0000000008004a50                __aeabi_dcmplt
                0x0000000008004a64                __aeabi_dcmple
                0x0000000008004a78                __aeabi_dcmpge
                0x0000000008004a8c                __aeabi_dcmpgt
 .text          0x0000000008004aa0       0x2c /Applications/Simplicity Studio.app/Contents/Eclipse/developer/toolchains/gnu_arm/12.2.rel1_2023.7/bin/../lib/gcc/arm-none-eabi/12.2.1/thumb/v8-m.main+fp/hard/libgcc.a(_arm_unorddf2.o)
                0x0000000008004aa0                __aeabi_dcmpun
                0x0000000008004aa0                __unorddf2
 .text.__errno  0x0000000008004acc        0xc /Applications/Simplicity Studio.app/Contents/Eclipse/developer/toolchains/gnu_arm/12.2.rel1_2023.7/bin/../lib/gcc/arm-none-eabi/12.2.1/../../../../arm-none-eabi/lib/thumb/v8-m.main+fp/hard/libc_nano.a(libc_a-errno.o)
                0x0000000008004acc                __errno
 .text.sl_board_enable_vcom
                0x0000000008004ad8       0x12 CMakeFiles/slc_federated_learning_over_usart.dir/default_config/Users/maanders1/personal/git/federated_learning_project/fl_workspace/federated_learning_over_usart/gecko_sdk_4.4.3/hardware/board/src/sl_board_control_gpio.c.obj
                0x0000000008004ad8                sl_board_enable_vcom
 .text.sl_board_configure_vcom
                0x0000000008004aea        0x4 CMakeFiles/slc_federated_learning_over_usart.dir/default_config/Users/maanders1/personal/git/federated_learning_project/fl_workspace/federated_learning_over_usart/gecko_sdk_4.4.3/hardware/board/src/sl_board_control_gpio.c.obj
                0x0000000008004aea                sl_board_configure_vcom
 .text.sl_board_disable_vcom
                0x0000000008004aee       0x12 CMakeFiles/slc_federated_learning_over_usart.dir/default_config/Users/maanders1/personal/git/federated_learning_project/fl_workspace/federated_learning_over_usart/gecko_sdk_4.4.3/hardware/board/src/sl_board_control_gpio.c.obj
                0x0000000008004aee                sl_board_disable_vcom
 .text.sl_board_init
                0x0000000008004b00       0x16 CMakeFiles/slc_federated_learning_over_usart.dir/default_config/Users/maanders1/personal/git/federated_learning_project/fl_workspace/federated_learning_over_usart/gecko_sdk_4.4.3/hardware/board/src/sl_board_init.c.obj
                0x0000000008004b00                sl_board_init
 .text.sl_board_preinit
                0x0000000008004b16        0x8 CMakeFiles/slc_federated_learning_over_usart.dir/default_config/Users/maanders1/personal/git/federated_learning_project/fl_workspace/federated_learning_over_usart/gecko_sdk_4.4.3/hardware/board/src/sl_board_init.c.obj
                0x0000000008004b16                sl_board_preinit
 .text.sli_cos_swo_itm_8_write.constprop.0.isra.0
                0x0000000008004b1e       0x78 CMakeFiles/slc_federated_learning_over_usart.dir/default_config/Users/maanders1/personal/git/federated_learning_project/fl_workspace/federated_learning_over_usart/gecko_sdk_4.4.3/hardware/driver/configuration_over_swo/src/sl_cos.c.obj
 .text.sl_cos_send_config
                0x0000000008004b96       0x12 CMakeFiles/slc_federated_learning_over_usart.dir/default_config/Users/maanders1/personal/git/federated_learning_project/fl_workspace/federated_learning_over_usart/gecko_sdk_4.4.3/hardware/driver/configuration_over_swo/src/sl_cos.c.obj
                0x0000000008004b96                sl_cos_send_config
 .text.sl_cos_config_vcom
                0x0000000008004ba8       0x1e CMakeFiles/slc_federated_learning_over_usart.dir/default_config/Users/maanders1/personal/git/federated_learning_project/fl_workspace/federated_learning_over_usart/gecko_sdk_4.4.3/hardware/driver/configuration_over_swo/src/sl_cos.c.obj
                0x0000000008004ba8                sl_cos_config_vcom
 .text.assertEFM
                0x0000000008004bc6        0x2 CMakeFiles/slc_federated_learning_over_usart.dir/default_config/Users/maanders1/personal/git/federated_learning_project/fl_workspace/federated_learning_over_usart/gecko_sdk_4.4.3/platform/common/src/sl_assert.c.obj
                0x0000000008004bc6                assertEFM
 .text._exit    0x0000000008004bc8        0x2 CMakeFiles/slc_federated_learning_over_usart.dir/default_config/Users/maanders1/personal/git/federated_learning_project/fl_workspace/federated_learning_over_usart/gecko_sdk_4.4.3/platform/common/src/sl_syscalls.c.obj
                0x0000000008004bc8                _exit
 .text.Default_Handler
                0x0000000008004bca        0x2 CMakeFiles/slc_federated_learning_over_usart.dir/default_config/Users/maanders1/personal/git/federated_learning_project/fl_workspace/federated_learning_over_usart/gecko_sdk_4.4.3/platform/Device/SiliconLabs/EFR32MG24/Source/startup_efr32mg24.c.obj
                0x0000000008004bca                MPAHBRAM_IRQHandler
                0x0000000008004bca                AHB2AHB1_IRQHandler
                0x0000000008004bca                SW2_IRQHandler
                0x0000000008004bca                TIMER2_IRQHandler
                0x0000000008004bca                DebugMon_Handler
                0x0000000008004bca                IADC_IRQHandler
                0x0000000008004bca                EUSART0_TX_IRQHandler
                0x0000000008004bca                I2C0_IRQHandler
                0x0000000008004bca                LFXO_IRQHandler
                0x0000000008004bca                HardFault_Handler
                0x0000000008004bca                SMU_SECURE_IRQHandler
                0x0000000008004bca                SysTick_Handler
                0x0000000008004bca                SYSRTC_SEQ_IRQHandler
                0x0000000008004bca                EMUEFP_IRQHandler
                0x0000000008004bca                PendSV_Handler
                0x0000000008004bca                NMI_Handler
                0x0000000008004bca                SYNTH_IRQHandler
                0x0000000008004bca                HOSTMAILBOX_IRQHandler
                0x0000000008004bca                HFXO0_IRQHandler
                0x0000000008004bca                I2C1_IRQHandler
                0x0000000008004bca                WDOG0_IRQHandler
                0x0000000008004bca                TIMER3_IRQHandler
                0x0000000008004bca                SYSCFG_IRQHandler
                0x0000000008004bca                RFECA1_IRQHandler
                0x0000000008004bca                EMUDG_IRQHandler
                0x0000000008004bca                MSC_IRQHandler
                0x0000000008004bca                DPLL0_IRQHandler
                0x0000000008004bca                UsageFault_Handler
                0x0000000008004bca                WDOG1_IRQHandler
                0x0000000008004bca                M33CTI1_IRQHandler
                0x0000000008004bca                TIMER4_IRQHandler
                0x0000000008004bca                GPIO_EVEN_IRQHandler
                0x0000000008004bca                VDAC0_IRQHandler
                0x0000000008004bca                SEMBTX_IRQHandler
                0x0000000008004bca                SW0_IRQHandler
                0x0000000008004bca                MVP_IRQHandler
                0x0000000008004bca                LETIMER0_IRQHandler
                0x0000000008004bca                EUSART1_RX_IRQHandler
                0x0000000008004bca                TIMER1_IRQHandler
                0x0000000008004bca                HFRCO0_IRQHandler
                0x0000000008004bca                SecureFault_Handler
                0x0000000008004bca                BUFC_IRQHandler
                0x0000000008004bca                DCDC_IRQHandler
                0x0000000008004bca                MODEM_IRQHandler
                0x0000000008004bca                Default_Handler
                0x0000000008004bca                RAC_SEQ_IRQHandler
                0x0000000008004bca                FRC_PRI_IRQHandler
                0x0000000008004bca                EMU_IRQHandler
                0x0000000008004bca                SW3_IRQHandler
                0x0000000008004bca                KERNEL0_IRQHandler
                0x0000000008004bca                FRC_IRQHandler
                0x0000000008004bca                PCNT0_IRQHandler
                0x0000000008004bca                KERNEL1_IRQHandler
                0x0000000008004bca                AGC_IRQHandler
                0x0000000008004bca                EUSART1_TX_IRQHandler
                0x0000000008004bca                KEYSCAN_IRQHandler
                0x0000000008004bca                sl_app_properties
                0x0000000008004bca                HFRCOEM23_IRQHandler
                0x0000000008004bca                BURTC_IRQHandler
                0x0000000008004bca                SEMBRX_IRQHandler
                0x0000000008004bca                RFECA0_IRQHandler
                0x0000000008004bca                LFRCO_IRQHandler
                0x0000000008004bca                VDAC1_IRQHandler
                0x0000000008004bca                ACMP0_IRQHandler
                0x0000000008004bca                MemManage_Handler
                0x0000000008004bca                AHB2AHB0_IRQHandler
                0x0000000008004bca                SVC_Handler
                0x0000000008004bca                SMU_S_PRIVILEGED_IRQHandler
                0x0000000008004bca                SW1_IRQHandler
                0x0000000008004bca                CMU_IRQHandler
                0x0000000008004bca                EUSART0_RX_IRQHandler
                0x0000000008004bca                RAC_RSM_IRQHandler
                0x0000000008004bca                SETAMPERHOST_IRQHandler
                0x0000000008004bca                GPIO_ODD_IRQHandler
                0x0000000008004bca                AES_IRQHandler
                0x0000000008004bca                M33CTI0_IRQHandler
                0x0000000008004bca                ICACHE0_IRQHandler
                0x0000000008004bca                SMU_NS_PRIVILEGED_IRQHandler
                0x0000000008004bca                FPUEXH_IRQHandler
                0x0000000008004bca                PROTIMER_IRQHandler
                0x0000000008004bca                ACMP1_IRQHandler
                0x0000000008004bca                BusFault_Handler
                0x0000000008004bca                ULFRCO_IRQHandler
 .text.FlashToRamCopy
                0x0000000008004bcc       0x16 CMakeFiles/slc_federated_learning_over_usart.dir/default_config/Users/maanders1/personal/git/federated_learning_project/fl_workspace/federated_learning_over_usart/gecko_sdk_4.4.3/platform/Device/SiliconLabs/EFR32MG24/Source/system_efr32mg24.c.obj
                0x0000000008004bcc                FlashToRamCopy
 .text.SystemCLKIN0Get
                0x0000000008004be2        0x4 CMakeFiles/slc_federated_learning_over_usart.dir/default_config/Users/maanders1/personal/git/federated_learning_project/fl_workspace/federated_learning_over_usart/gecko_sdk_4.4.3/platform/Device/SiliconLabs/EFR32MG24/Source/system_efr32mg24.c.obj
                0x0000000008004be2                SystemCLKIN0Get
 .text.SystemLFRCOClockGet
                0x0000000008004be6        0x6 CMakeFiles/slc_federated_learning_over_usart.dir/default_config/Users/maanders1/personal/git/federated_learning_project/fl_workspace/federated_learning_over_usart/gecko_sdk_4.4.3/platform/Device/SiliconLabs/EFR32MG24/Source/system_efr32mg24.c.obj
                0x0000000008004be6                SystemLFRCOClockGet
 .text.SystemULFRCOClockGet
                0x0000000008004bec        0x6 CMakeFiles/slc_federated_learning_over_usart.dir/default_config/Users/maanders1/personal/git/federated_learning_project/fl_workspace/federated_learning_over_usart/gecko_sdk_4.4.3/platform/Device/SiliconLabs/EFR32MG24/Source/system_efr32mg24.c.obj
                0x0000000008004bec                SystemULFRCOClockGet
 .text.sl_debug_swo_enable_itm
                0x0000000008004bf2       0x16 CMakeFiles/slc_federated_learning_over_usart.dir/default_config/Users/maanders1/personal/git/federated_learning_project/fl_workspace/federated_learning_over_usart/gecko_sdk_4.4.3/platform/driver/debug/src/sl_debug_swo.c.obj
                0x0000000008004bf2                sl_debug_swo_enable_itm
 .text.sl_debug_swo_disable_itm
                0x0000000008004c08       0x18 CMakeFiles/slc_federated_learning_over_usart.dir/default_config/Users/maanders1/personal/git/federated_learning_project/fl_workspace/federated_learning_over_usart/gecko_sdk_4.4.3/platform/driver/debug/src/sl_debug_swo.c.obj
                0x0000000008004c08                sl_debug_swo_disable_itm
 .text.DMADRV_PeripheralMemory
                0x0000000008004c20       0x34 CMakeFiles/slc_federated_learning_over_usart.dir/default_config/Users/maanders1/personal/git/federated_learning_project/fl_workspace/federated_learning_over_usart/gecko_sdk_4.4.3/platform/emdrv/dmadrv/src/dmadrv.c.obj
                0x0000000008004c20                DMADRV_PeripheralMemory
 .text.BUS_RegMaskedWrite
                0x0000000008004c54       0x1e CMakeFiles/slc_federated_learning_over_usart.dir/default_config/Users/maanders1/personal/git/federated_learning_project/fl_workspace/federated_learning_over_usart/gecko_sdk_4.4.3/platform/emlib/src/em_cmu.c.obj
 .text.waitStateMax
                0x0000000008004c72       0x10 CMakeFiles/slc_federated_learning_over_usart.dir/default_config/Users/maanders1/personal/git/federated_learning_project/fl_workspace/federated_learning_over_usart/gecko_sdk_4.4.3/platform/emlib/src/em_cmu.c.obj
 .text.CMU_UpdateWaitStates
                0x0000000008004c82        0xc CMakeFiles/slc_federated_learning_over_usart.dir/default_config/Users/maanders1/personal/git/federated_learning_project/fl_workspace/federated_learning_over_usart/gecko_sdk_4.4.3/platform/emlib/src/em_cmu.c.obj
                0x0000000008004c82                CMU_UpdateWaitStates
 .text.pclkDivMax
                0x0000000008004c8e        0xa CMakeFiles/slc_federated_learning_over_usart.dir/default_config/Users/maanders1/personal/git/federated_learning_project/fl_workspace/federated_learning_over_usart/gecko_sdk_4.4.3/platform/emlib/src/em_cmu.c.obj
 .text.sli_em_cmu_SYSCLKInitPostClockSelect
                0x0000000008004c98       0x2a CMakeFiles/slc_federated_learning_over_usart.dir/default_config/Users/maanders1/personal/git/federated_learning_project/fl_workspace/federated_learning_over_usart/gecko_sdk_4.4.3/platform/emlib/src/em_cmu.c.obj
                0x0000000008004c98                sli_em_cmu_SYSCLKInitPostClockSelect
 .text.CORE_EnterCritical
                0x0000000008004cc2        0x8 CMakeFiles/slc_federated_learning_over_usart.dir/default_config/Users/maanders1/personal/git/federated_learning_project/fl_workspace/federated_learning_over_usart/gecko_sdk_4.4.3/platform/emlib/src/em_core.c.obj
                0x0000000008004cc2                CORE_EnterCritical
 .text.CORE_ExitCritical
                0x0000000008004cca        0x6 CMakeFiles/slc_federated_learning_over_usart.dir/default_config/Users/maanders1/personal/git/federated_learning_project/fl_workspace/federated_learning_over_usart/gecko_sdk_4.4.3/platform/emlib/src/em_core.c.obj
                0x0000000008004cca                CORE_ExitCritical
 .text.CORE_EnterAtomic
                0x0000000008004cd0        0xc CMakeFiles/slc_federated_learning_over_usart.dir/default_config/Users/maanders1/personal/git/federated_learning_project/fl_workspace/federated_learning_over_usart/gecko_sdk_4.4.3/platform/emlib/src/em_core.c.obj
                0x0000000008004cd0                CORE_EnterAtomic
 .text.CORE_ExitAtomic
                0x0000000008004cdc        0x6 CMakeFiles/slc_federated_learning_over_usart.dir/default_config/Users/maanders1/personal/git/federated_learning_project/fl_workspace/federated_learning_over_usart/gecko_sdk_4.4.3/platform/emlib/src/em_core.c.obj
                0x0000000008004cdc                CORE_ExitAtomic
 .text.EMU_EFPEM01VScale
                0x0000000008004ce2        0x2 CMakeFiles/slc_federated_learning_over_usart.dir/default_config/Users/maanders1/personal/git/federated_learning_project/fl_workspace/federated_learning_over_usart/gecko_sdk_4.4.3/platform/emlib/src/em_emu.c.obj
                0x0000000008004ce2                EMU_EFPEM01VScale
 .text.EMU_DCDCUpdatedHook
                0x0000000008004ce4        0x2 CMakeFiles/slc_federated_learning_over_usart.dir/default_config/Users/maanders1/personal/git/federated_learning_project/fl_workspace/federated_learning_over_usart/gecko_sdk_4.4.3/platform/emlib/src/em_emu.c.obj
                0x0000000008004ce4                EMU_DCDCUpdatedHook
 .text.BUS_RegMaskedWrite
                0x0000000008004ce6       0x1e CMakeFiles/slc_federated_learning_over_usart.dir/default_config/Users/maanders1/personal/git/federated_learning_project/fl_workspace/federated_learning_over_usart/gecko_sdk_4.4.3/platform/emlib/src/em_gpio.c.obj
 .text.GPIO_DbgLocationSet
                0x0000000008004d04        0x2 CMakeFiles/slc_federated_learning_over_usart.dir/default_config/Users/maanders1/personal/git/federated_learning_project/fl_workspace/federated_learning_over_usart/gecko_sdk_4.4.3/platform/emlib/src/em_gpio.c.obj
                0x0000000008004d04                GPIO_DbgLocationSet
 .text.USART_SpiTransfer
                0x0000000008004d06       0x14 CMakeFiles/slc_federated_learning_over_usart.dir/default_config/Users/maanders1/personal/git/federated_learning_project/fl_workspace/federated_learning_over_usart/gecko_sdk_4.4.3/platform/emlib/src/em_usart.c.obj
                0x0000000008004d06                USART_SpiTransfer
 .text.USART_Tx
                0x0000000008004d1a        0xa CMakeFiles/slc_federated_learning_over_usart.dir/default_config/Users/maanders1/personal/git/federated_learning_project/fl_workspace/federated_learning_over_usart/gecko_sdk_4.4.3/platform/emlib/src/em_usart.c.obj
                0x0000000008004d1a                USART_Tx
 .text.sl_iostream_write
                0x0000000008004d24       0x22 CMakeFiles/slc_federated_learning_over_usart.dir/default_config/Users/maanders1/personal/git/federated_learning_project/fl_workspace/federated_learning_over_usart/gecko_sdk_4.4.3/platform/service/iostream/src/sl_iostream.c.obj
                0x0000000008004d24                sl_iostream_write
 .text.sl_iostream_read
                0x0000000008004d46       0x30 CMakeFiles/slc_federated_learning_over_usart.dir/default_config/Users/maanders1/personal/git/federated_learning_project/fl_workspace/federated_learning_over_usart/gecko_sdk_4.4.3/platform/service/iostream/src/sl_iostream.c.obj
                0x0000000008004d46                sl_iostream_read
 .text.set_auto_cr_lf
                0x0000000008004d76        0x6 CMakeFiles/slc_federated_learning_over_usart.dir/default_config/Users/maanders1/personal/git/federated_learning_project/fl_workspace/federated_learning_over_usart/gecko_sdk_4.4.3/platform/service/iostream/src/sl_iostream_uart.c.obj
 .text.get_auto_cr_lf
                0x0000000008004d7c        0x6 CMakeFiles/slc_federated_learning_over_usart.dir/default_config/Users/maanders1/personal/git/federated_learning_project/fl_workspace/federated_learning_over_usart/gecko_sdk_4.4.3/platform/service/iostream/src/sl_iostream_uart.c.obj
 .text.usart_set_next_byte_detect
                0x0000000008004d82        0xc CMakeFiles/slc_federated_learning_over_usart.dir/default_config/Users/maanders1/personal/git/federated_learning_project/fl_workspace/federated_learning_over_usart/gecko_sdk_4.4.3/platform/service/iostream/src/sl_iostream_usart.c.obj
 .text.usart_deinit
                0x0000000008004d8e       0x78 CMakeFiles/slc_federated_learning_over_usart.dir/default_config/Users/maanders1/personal/git/federated_learning_project/fl_workspace/federated_learning_over_usart/gecko_sdk_4.4.3/platform/service/iostream/src/sl_iostream_usart.c.obj
 .text.usart_tx
                0x0000000008004e06        0xc CMakeFiles/slc_federated_learning_over_usart.dir/default_config/Users/maanders1/personal/git/federated_learning_project/fl_workspace/federated_learning_over_usart/gecko_sdk_4.4.3/platform/service/iostream/src/sl_iostream_usart.c.obj
 .text.sl_iostream_usart_irq_handler
                0x0000000008004e12       0x70 CMakeFiles/slc_federated_learning_over_usart.dir/default_config/Users/maanders1/personal/git/federated_learning_project/fl_workspace/federated_learning_over_usart/gecko_sdk_4.4.3/platform/service/iostream/src/sl_iostream_usart.c.obj
                0x0000000008004e12                sl_iostream_usart_irq_handler
 .text.sleeptimer_hal_get_compare
                0x0000000008004e82        0x8 CMakeFiles/slc_federated_learning_over_usart.dir/default_config/Users/maanders1/personal/git/federated_learning_project/fl_workspace/federated_learning_over_usart/gecko_sdk_4.4.3/platform/service/sleeptimer/src/sl_sleeptimer_hal_sysrtc.c.obj
                0x0000000008004e82                sleeptimer_hal_get_compare
 .text.sleeptimer_hal_enable_int
                0x0000000008004e8a       0x12 CMakeFiles/slc_federated_learning_over_usart.dir/default_config/Users/maanders1/personal/git/federated_learning_project/fl_workspace/federated_learning_over_usart/gecko_sdk_4.4.3/platform/service/sleeptimer/src/sl_sleeptimer_hal_sysrtc.c.obj
                0x0000000008004e8a                sleeptimer_hal_enable_int
 .text.SYSRTC_APP_IRQHandler
                0x0000000008004e9c       0x34 CMakeFiles/slc_federated_learning_over_usart.dir/default_config/Users/maanders1/personal/git/federated_learning_project/fl_workspace/federated_learning_over_usart/gecko_sdk_4.4.3/platform/service/sleeptimer/src/sl_sleeptimer_hal_sysrtc.c.obj
                0x0000000008004e9c                SYSRTC_APP_IRQHandler
 .text.sleeptimer_hal_get_timer_frequency
                0x0000000008004ed0        0x6 CMakeFiles/slc_federated_learning_over_usart.dir/default_config/Users/maanders1/personal/git/federated_learning_project/fl_workspace/federated_learning_over_usart/gecko_sdk_4.4.3/platform/service/sleeptimer/src/sl_sleeptimer_hal_sysrtc.c.obj
                0x0000000008004ed0                sleeptimer_hal_get_timer_frequency
 .text.sl_system_init
                0x0000000008004ed6       0x1a CMakeFiles/slc_federated_learning_over_usart.dir/default_config/Users/maanders1/personal/git/federated_learning_project/fl_workspace/federated_learning_over_usart/gecko_sdk_4.4.3/platform/service/system/src/sl_system_init.c.obj
                0x0000000008004ed6                sl_system_init
 .text.sl_system_process_action
                0x0000000008004ef0       0x16 CMakeFiles/slc_federated_learning_over_usart.dir/default_config/Users/maanders1/personal/git/federated_learning_project/fl_workspace/federated_learning_over_usart/gecko_sdk_4.4.3/platform/service/system/src/sl_system_process_action.c.obj
                0x0000000008004ef0                sl_system_process_action
 .text.app_init